Archive member included because of file (symbol)

c:/program files (x86)/atmel/studio/7.0/toolchain/arm/arm-gnu-toolchain/bin/../lib/gcc/arm-none-eabi/4.9.3/armv6-m\libgcc.a(_udivsi3.o)
                              src/ASF/common2/components/display/ssd1306/ssd1306.o (__aeabi_uidiv)
c:/program files (x86)/atmel/studio/7.0/toolchain/arm/arm-gnu-toolchain/bin/../lib/gcc/arm-none-eabi/4.9.3/armv6-m\libgcc.a(_dvmd_tls.o)
                              c:/program files (x86)/atmel/studio/7.0/toolchain/arm/arm-gnu-toolchain/bin/../lib/gcc/arm-none-eabi/4.9.3/armv6-m\libgcc.a(_udivsi3.o) (__aeabi_idiv0)
c:/program files (x86)/atmel/studio/7.0/toolchain/arm/arm-gnu-toolchain/bin/../lib/gcc/arm-none-eabi/4.9.3/armv6-m\libgcc.a(_muldi3.o)
                              src/ASF/sam0/drivers/sercom/sercom.o (__aeabi_lmul)
c:/program files (x86)/atmel/studio/7.0/toolchain/arm/arm-gnu-toolchain/bin/../lib/gcc/arm-none-eabi/4.9.3/../../../../arm-none-eabi/lib/armv6-m\libc_nano.a(lib_a-exit.o)
                              c:/program files (x86)/atmel/studio/7.0/toolchain/arm/arm-gnu-toolchain/bin/../lib/gcc/arm-none-eabi/4.9.3/../../../../arm-none-eabi/lib/armv6-m/crt0.o (exit)
c:/program files (x86)/atmel/studio/7.0/toolchain/arm/arm-gnu-toolchain/bin/../lib/gcc/arm-none-eabi/4.9.3/../../../../arm-none-eabi/lib/armv6-m\libc_nano.a(lib_a-impure.o)
                              c:/program files (x86)/atmel/studio/7.0/toolchain/arm/arm-gnu-toolchain/bin/../lib/gcc/arm-none-eabi/4.9.3/../../../../arm-none-eabi/lib/armv6-m\libc_nano.a(lib_a-exit.o) (_global_impure_ptr)
c:/program files (x86)/atmel/studio/7.0/toolchain/arm/arm-gnu-toolchain/bin/../lib/gcc/arm-none-eabi/4.9.3/../../../../arm-none-eabi/lib/armv6-m\libc_nano.a(lib_a-init.o)
                              c:/program files (x86)/atmel/studio/7.0/toolchain/arm/arm-gnu-toolchain/bin/../lib/gcc/arm-none-eabi/4.9.3/../../../../arm-none-eabi/lib/armv6-m/crt0.o (__libc_init_array)
c:/program files (x86)/atmel/studio/7.0/toolchain/arm/arm-gnu-toolchain/bin/../lib/gcc/arm-none-eabi/4.9.3/../../../../arm-none-eabi/lib/armv6-m\libc_nano.a(lib_a-memcpy.o)
                              src/ASF/sam0/drivers/sercom/sercom_interrupt.o (memcpy)
c:/program files (x86)/atmel/studio/7.0/toolchain/arm/arm-gnu-toolchain/bin/../lib/gcc/arm-none-eabi/4.9.3/../../../../arm-none-eabi/lib/armv6-m\libc_nano.a(lib_a-memset.o)
                              c:/program files (x86)/atmel/studio/7.0/toolchain/arm/arm-gnu-toolchain/bin/../lib/gcc/arm-none-eabi/4.9.3/../../../../arm-none-eabi/lib/armv6-m/crt0.o (memset)
c:/program files (x86)/atmel/studio/7.0/toolchain/arm/arm-gnu-toolchain/bin/../lib/gcc/arm-none-eabi/4.9.3/../../../../arm-none-eabi/lib/armv6-m\libc_nano.a(lib_a-printf.o)
                              src/ASF/sam0/utils/syscalls/gcc/syscalls.o (printf)
c:/program files (x86)/atmel/studio/7.0/toolchain/arm/arm-gnu-toolchain/bin/../lib/gcc/arm-none-eabi/4.9.3/../../../../arm-none-eabi/lib/armv6-m\libc_nano.a(lib_a-findfp.o)
                              c:/program files (x86)/atmel/studio/7.0/toolchain/arm/arm-gnu-toolchain/bin/../lib/gcc/arm-none-eabi/4.9.3/../../../../arm-none-eabi/lib/armv6-m\libc_nano.a(lib_a-printf.o) (__sinit)
c:/program files (x86)/atmel/studio/7.0/toolchain/arm/arm-gnu-toolchain/bin/../lib/gcc/arm-none-eabi/4.9.3/../../../../arm-none-eabi/lib/armv6-m\libc_nano.a(lib_a-fwalk.o)
                              c:/program files (x86)/atmel/studio/7.0/toolchain/arm/arm-gnu-toolchain/bin/../lib/gcc/arm-none-eabi/4.9.3/../../../../arm-none-eabi/lib/armv6-m\libc_nano.a(lib_a-findfp.o) (_fwalk)
c:/program files (x86)/atmel/studio/7.0/toolchain/arm/arm-gnu-toolchain/bin/../lib/gcc/arm-none-eabi/4.9.3/../../../../arm-none-eabi/lib/armv6-m\libc_nano.a(lib_a-nano-mallocr.o)
                              c:/program files (x86)/atmel/studio/7.0/toolchain/arm/arm-gnu-toolchain/bin/../lib/gcc/arm-none-eabi/4.9.3/../../../../arm-none-eabi/lib/armv6-m\libc_nano.a(lib_a-findfp.o) (_malloc_r)
c:/program files (x86)/atmel/studio/7.0/toolchain/arm/arm-gnu-toolchain/bin/../lib/gcc/arm-none-eabi/4.9.3/../../../../arm-none-eabi/lib/armv6-m\libc_nano.a(lib_a-nano-vfprintf.o)
                              c:/program files (x86)/atmel/studio/7.0/toolchain/arm/arm-gnu-toolchain/bin/../lib/gcc/arm-none-eabi/4.9.3/../../../../arm-none-eabi/lib/armv6-m\libc_nano.a(lib_a-printf.o) (_vfprintf_r)
c:/program files (x86)/atmel/studio/7.0/toolchain/arm/arm-gnu-toolchain/bin/../lib/gcc/arm-none-eabi/4.9.3/../../../../arm-none-eabi/lib/armv6-m\libc_nano.a(lib_a-nano-vfprintf_i.o)
                              c:/program files (x86)/atmel/studio/7.0/toolchain/arm/arm-gnu-toolchain/bin/../lib/gcc/arm-none-eabi/4.9.3/../../../../arm-none-eabi/lib/armv6-m\libc_nano.a(lib_a-nano-vfprintf.o) (_printf_i)
c:/program files (x86)/atmel/studio/7.0/toolchain/arm/arm-gnu-toolchain/bin/../lib/gcc/arm-none-eabi/4.9.3/../../../../arm-none-eabi/lib/armv6-m\libc_nano.a(lib_a-sbrkr.o)
[...]
Memory Configuration

Name             Origin             Length             Attributes
rom              0x00000000         0x00040000         xr
ram              0x20000000         0x00008000         xrw
*default*        0x00000000         0xffffffff

Linker script and memory map

LOAD c:/program files (x86)/atmel/studio/7.0/toolchain/arm/arm-gnu-toolchain/bin/../lib/gcc/arm-none-eabi/4.9.3/armv6-m/crti.o
LOAD c:/program files (x86)/atmel/studio/7.0/toolchain/arm/arm-gnu-toolchain/bin/../lib/gcc/arm-none-eabi/4.9.3/armv6-m/crtbegin.o
LOAD c:/program files (x86)/atmel/studio/7.0/toolchain/arm/arm-gnu-toolchain/bin/../lib/gcc/arm-none-eabi/4.9.3/../../../../arm-none-eabi/lib/armv6-m/crt0.o
LOAD src/NRF24L01_DRIVER.o
LOAD src/ASF/common2/components/display/ssd1306/ssd1306.o
LOAD src/ASF/common2/services/delay/sam0/systick_counter.o
LOAD src/ASF/common2/services/gfx_mono/gfx_mono_framebuffer.o
LOAD src/ASF/common2/services/gfx_mono/gfx_mono_generic.o
LOAD src/ASF/common2/services/gfx_mono/gfx_mono_text.o
LOAD src/ASF/common2/services/gfx_mono/gfx_mono_ug_2832hsweg04.o
LOAD src/ASF/common2/services/gfx_mono/sysfont.o
LOAD src/ASF/common/utils/interrupt/interrupt_sam_nvic.o
LOAD src/ASF/sam0/boards/samd20_xplained_pro/board_init.o
LOAD src/ASF/sam0/drivers/port/port.o
LOAD src/ASF/sam0/drivers/sercom/sercom.o
LOAD src/ASF/sam0/drivers/sercom/sercom_interrupt.o
LOAD src/ASF/sam0/drivers/sercom/spi/spi.o
LOAD src/ASF/sam0/drivers/sercom/usart/usart.o
LOAD src/ASF/sam0/drivers/sercom/usart/usart_interrupt.o
LOAD src/ASF/sam0/drivers/system/clock/clock_samd20/clock.o
LOAD src/ASF/sam0/drivers/system/clock/clock_samd20/gclk.o
LOAD src/ASF/sam0/drivers/system/interrupt/system_interrupt.o
LOAD src/ASF/sam0/drivers/system/pinmux/pinmux.o
LOAD src/ASF/sam0/drivers/system/system.o
LOAD src/ASF/sam0/utils/cmsis/samd20/source/gcc/startup_samd20.o
LOAD src/ASF/sam0/utils/cmsis/samd20/source/system_samd20.o
LOAD src/ASF/sam0/utils/syscalls/gcc/syscalls.o
LOAD src/ASF/thirdparty/freertos/freertos-8.0.1/Source/croutine.o
LOAD src/ASF/thirdparty/freertos/freertos-8.0.1/Source/event_groups.o
LOAD src/ASF/thirdparty/freertos/freertos-8.0.1/Source/list.o
LOAD src/ASF/thirdparty/freertos/freertos-8.0.1/Source/portable/GCC/ARM_CM0/port.o
LOAD src/ASF/thirdparty/freertos/freertos-8.0.1/Source/portable/MemMang/heap_1.o
LOAD src/ASF/thirdparty/freertos/freertos-8.0.1/Source/queue.o
LOAD src/ASF/thirdparty/freertos/freertos-8.0.1/Source/tasks.o
LOAD src/ASF/thirdparty/freertos/freertos-8.0.1/Source/timers.o
LOAD src/demotasks.o
LOAD src/main.o
START GROUP
LOAD ../src/ASF/thirdparty/CMSIS/Lib/GCC\libarm_cortexM0l_math.a
LOAD c:/program files (x86)/atmel/studio/7.0/toolchain/arm/arm-gnu-toolchain/bin/../lib/gcc/arm-none-eabi/4.9.3/../../../../arm-none-eabi/lib/armv6-m\libm.a
END GROUP
START GROUP
LOAD c:/program files (x86)/atmel/studio/7.0/toolchain/arm/arm-gnu-toolchain/bin/../lib/gcc/arm-none-eabi/4.9.3/armv6-m\libgcc.a
LOAD c:/program files (x86)/atmel/studio/7.0/toolchain/arm/arm-gnu-toolchain/bin/../lib/gcc/arm-none-eabi/4.9.3/../../../../arm-none-eabi/lib/armv6-m\libc_nano.a
END GROUP
START GROUP
LOAD c:/program files (x86)/atmel/studio/7.0/toolchain/arm/arm-gnu-toolchain/bin/../lib/gcc/arm-none-eabi/4.9.3/armv6-m\libgcc.a
LOAD c:/program files (x86)/atmel/studio/7.0/toolchain/arm/arm-gnu-toolchain/bin/../lib/gcc/arm-none-eabi/4.9.3/../../../../arm-none-eabi/lib/armv6-m\libc_nano.a
END GROUP
LOAD c:/program files (x86)/atmel/studio/7.0/toolchain/arm/arm-gnu-toolchain/bin/../lib/gcc/arm-none-eabi/4.9.3/armv6-m/crtend.o
LOAD c:/program files (x86)/atmel/studio/7.0/toolchain/arm/arm-gnu-toolchain/bin/../lib/gcc/arm-none-eabi/4.9.3/armv6-m/crtn.o
                0x00002000                STACK_SIZE = DEFINED (STACK_SIZE)?STACK_SIZE:DEFINED (__stack_size__)?__stack_size__:0x2000

.text           0x00000000     0x5054
                0x00000000                . = ALIGN (0x4)
                0x00000000                _sfixed = .
 *(.vectors .vectors.*)
 .vectors       0x00000000       0xa4 src/ASF/sam0/utils/cmsis/samd20/source/gcc/startup_samd20.o
                0x00000000                exception_table
 *(.text .text.* .gnu.linkonce.t.*)
 .text          0x000000a4       0x60 c:/program files (x86)/atmel/studio/7.0/toolchain/arm/arm-gnu-toolchain/bin/../lib/gcc/arm-none-eabi/4.9.3/armv6-m/crtbegin.o
 .text.DSPI_DRV_MasterTransferBlocking
                0x00000104       0x48 src/NRF24L01_DRIVER.o
                0x00000104                DSPI_DRV_MasterTransferBlocking
 .text.configure_spi_master
                0x0000014c       0xc0 src/NRF24L01_DRIVER.o
                0x0000014c                configure_spi_master
 .text.Read_Register
                0x0000020c       0x40 src/NRF24L01_DRIVER.o
                0x0000020c                Read_Register
 .text.Write_Register
                0x0000024c       0x68 src/NRF24L01_DRIVER.o
                0x0000024c                Write_Register
 .text.Write_Reg_Varified
                0x000002b4       0x68 src/NRF24L01_DRIVER.o
                0x000002b4                Write_Reg_Varified
 .text.Read_Status
                0x0000031c       0x20 src/NRF24L01_DRIVER.o
                0x0000031c                Read_Status
 .text.Clear_NRF_Int_Flags
                0x0000033c       0x30 src/NRF24L01_DRIVER.o
                0x0000033c                Clear_NRF_Int_Flags
 .text.Flush_Tx
                0x0000036c       0x2c src/NRF24L01_DRIVER.o
                0x0000036c                Flush_Tx
 .text.Flush_Rx
                0x00000398       0x2c src/NRF24L01_DRIVER.o
                0x00000398                Flush_Rx
 .text.Set_NRF24L_Rx_Mode
                0x000003c4       0x5c src/NRF24L01_DRIVER.o
                0x000003c4                Set_NRF24L_Rx_Mode
 .text.Set_NRF24L_Tx_Mode
                0x00000420       0x58 src/NRF24L01_DRIVER.o
                0x00000420                Set_NRF24L_Tx_Mode
 .text.Init_NRF24L_Reciever
                0x00000478      0x100 src/NRF24L01_DRIVER.o
                0x00000478                Init_NRF24L_Reciever
 .text.ReadPayload
                0x00000578       0x48 src/NRF24L01_DRIVER.o
                0x00000578                ReadPayload
 .text.SendNewPayload
                0x000005c0       0x84 src/NRF24L01_DRIVER.o
                0x000005c0                SendNewPayload
 .text.ssd1306_write_command
                0x00000644       0x4c src/ASF/common2/components/display/ssd1306/ssd1306.o
                0x00000644                ssd1306_write_command
 .text.ssd1306_init
                0x00000690      0x1b8 src/ASF/common2/components/display/ssd1306/ssd1306.o
                0x00000690                ssd1306_init
 .text.ssd1306_write_data
                0x00000848       0x4c src/ASF/common2/components/display/ssd1306/ssd1306.o
                0x00000848                ssd1306_write_data
 .text.delay_init
                0x00000894       0x3c src/ASF/common2/services/delay/sam0/systick_counter.o
                0x00000894                delay_init
 .text.delay_cycles_ms
                0x000008d0       0x2c src/ASF/common2/services/delay/sam0/systick_counter.o
                0x000008d0                delay_cycles_ms
 .text.gfx_mono_set_framebuffer
                0x000008fc        0xc src/ASF/common2/services/gfx_mono/gfx_mono_framebuffer.o
                0x000008fc                gfx_mono_set_framebuffer
 .text.gfx_mono_framebuffer_put_byte
                0x00000908       0x10 src/ASF/common2/services/gfx_mono/gfx_mono_framebuffer.o
                0x00000908                gfx_mono_framebuffer_put_byte
 .text.gfx_mono_framebuffer_get_byte
                0x00000918       0x10 src/ASF/common2/services/gfx_mono/gfx_mono_framebuffer.o
                0x00000918                gfx_mono_framebuffer_get_byte
 .text.gfx_mono_generic_draw_horizontal_line
                0x00000928       0xe0 src/ASF/common2/services/gfx_mono/gfx_mono_generic.o
                0x00000928                gfx_mono_generic_draw_horizontal_line
 .text.gfx_mono_generic_draw_vertical_line
                0x00000a08       0x98 src/ASF/common2/services/gfx_mono/gfx_mono_generic.o
                0x00000a08                gfx_mono_generic_draw_vertical_line
 .text.gfx_mono_generic_draw_line
                0x00000aa0       0xf8 src/ASF/common2/services/gfx_mono/gfx_mono_generic.o
                0x00000aa0                gfx_mono_generic_draw_line
 .text.gfx_mono_generic_draw_rect
                0x00000b98       0x50 src/ASF/common2/services/gfx_mono/gfx_mono_generic.o
                0x00000b98                gfx_mono_generic_draw_rect
 .text.gfx_mono_generic_draw_filled_rect
                0x00000be8       0x34 src/ASF/common2/services/gfx_mono/gfx_mono_generic.o
                0x00000be8                gfx_mono_generic_draw_filled_rect
 .text.gfx_mono_draw_char
                0x00000c1c       0xc0 src/ASF/common2/services/gfx_mono/gfx_mono_text.o
                0x00000c1c                gfx_mono_draw_char
 .text.gfx_mono_draw_string
                0x00000cdc       0x50 src/ASF/common2/services/gfx_mono/gfx_mono_text.o
                0x00000cdc                gfx_mono_draw_string
 .text.gfx_mono_ssd1306_put_byte
                0x00000d2c       0x54 src/ASF/common2/services/gfx_mono/gfx_mono_ug_2832hsweg04.o
                0x00000d2c                gfx_mono_ssd1306_put_byte
 .text.gfx_mono_ssd1306_init
                0x00000d80       0x50 src/ASF/common2/services/gfx_mono/gfx_mono_ug_2832hsweg04.o
                0x00000d80                gfx_mono_ssd1306_init
 .text.gfx_mono_ssd1306_draw_pixel
                0x00000dd0       0x68 src/ASF/common2/services/gfx_mono/gfx_mono_ug_2832hsweg04.o
                0x00000dd0                gfx_mono_ssd1306_draw_pixel
 .text.gfx_mono_ssd1306_get_byte
                0x00000e38        0xc src/ASF/common2/services/gfx_mono/gfx_mono_ug_2832hsweg04.o
                0x00000e38                gfx_mono_ssd1306_get_byte
 .text.gfx_mono_ssd1306_mask_byte
                0x00000e44       0x44 src/ASF/common2/services/gfx_mono/gfx_mono_ug_2832hsweg04.o
                0x00000e44                gfx_mono_ssd1306_mask_byte
 .text.cpu_irq_enter_critical
                0x00000e88       0x40 src/ASF/common/utils/interrupt/interrupt_sam_nvic.o
                0x00000e88                cpu_irq_enter_critical
 .text.cpu_irq_leave_critical
                0x00000ec8       0x30 src/ASF/common/utils/interrupt/interrupt_sam_nvic.o
                0x00000ec8                cpu_irq_leave_critical
 .text.system_board_init
                0x00000ef8       0x44 src/ASF/sam0/boards/samd20_xplained_pro/board_init.o
                0x00000ef8                board_init
                0x00000ef8                system_board_init
 .text.port_pin_set_config
                0x00000f3c       0x24 src/ASF/sam0/drivers/port/port.o
                0x00000f3c                port_pin_set_config
 .text._sercom_get_sync_baud_val
                0x00000f60       0x28 src/ASF/sam0/drivers/sercom/sercom.o
                0x00000f60                _sercom_get_sync_baud_val
 .text._sercom_get_async_baud_val
                0x00000f88      0x1c8 src/ASF/sam0/drivers/sercom/sercom.o
                0x00000f88                _sercom_get_async_baud_val
 .text.sercom_set_gclk_generator
                0x00001150       0x4c src/ASF/sam0/drivers/sercom/sercom.o
                0x00001150                sercom_set_gclk_generator
 .text._sercom_get_default_pad
                0x0000119c      0x188 src/ASF/sam0/drivers/sercom/sercom.o
                0x0000119c                _sercom_get_default_pad
 .text._sercom_get_sercom_inst_index
                0x00001324       0x3c src/ASF/sam0/drivers/sercom/sercom.o
                0x00001324                _sercom_get_sercom_inst_index
 .text._sercom_default_handler
                0x00001360        0x4 src/ASF/sam0/drivers/sercom/sercom_interrupt.o
 .text._sercom_set_handler
                0x00001364       0x3c src/ASF/sam0/drivers/sercom/sercom_interrupt.o
                0x00001364                _sercom_set_handler
 .text._sercom_get_interrupt_vector
                0x000013a0       0x2c src/ASF/sam0/drivers/sercom/sercom_interrupt.o
                0x000013a0                _sercom_get_interrupt_vector
 .text.SERCOM0_Handler
                0x000013cc       0x10 src/ASF/sam0/drivers/sercom/sercom_interrupt.o
                0x000013cc                SERCOM0_Handler
 .text.SERCOM1_Handler
                0x000013dc       0x10 src/ASF/sam0/drivers/sercom/sercom_interrupt.o
                0x000013dc                SERCOM1_Handler
 .text.SERCOM2_Handler
                0x000013ec       0x10 src/ASF/sam0/drivers/sercom/sercom_interrupt.o
                0x000013ec                SERCOM2_Handler
 .text.SERCOM3_Handler
                0x000013fc       0x10 src/ASF/sam0/drivers/sercom/sercom_interrupt.o
                0x000013fc                SERCOM3_Handler
 .text.SERCOM4_Handler
                0x0000140c       0x10 src/ASF/sam0/drivers/sercom/sercom_interrupt.o
                0x0000140c                SERCOM4_Handler
 .text.SERCOM5_Handler
                0x0000141c       0x10 src/ASF/sam0/drivers/sercom/sercom_interrupt.o
                0x0000141c                SERCOM5_Handler
 .text.spi_init
                0x0000142c      0x2f4 src/ASF/sam0/drivers/sercom/spi/spi.o
                0x0000142c                spi_init
 .text.spi_select_slave
                0x00001720       0xec src/ASF/sam0/drivers/sercom/spi/spi.o
                0x00001720                spi_select_slave
 .text.spi_write_buffer_wait
                0x0000180c      0x20c src/ASF/sam0/drivers/sercom/spi/spi.o
                0x0000180c                spi_write_buffer_wait
 .text.spi_transceive_buffer_wait
                0x00001a18      0x2a8 src/ASF/sam0/drivers/sercom/spi/spi.o
                0x00001a18                spi_transceive_buffer_wait
 .text.usart_init
                0x00001cc0      0x25c src/ASF/sam0/drivers/sercom/usart/usart.o
                0x00001cc0                usart_init
 .text._usart_interrupt_handler
                0x00001f1c      0x130 src/ASF/sam0/drivers/sercom/usart/usart_interrupt.o
                0x00001f1c                _usart_interrupt_handler
 .text.system_clock_source_get_hz
                0x0000204c       0x80 src/ASF/sam0/drivers/system/clock/clock_samd20/clock.o
                0x0000204c                system_clock_source_get_hz
 .text.system_clock_source_osc8m_set_config
                0x000020cc       0x3c src/ASF/sam0/drivers/system/clock/clock_samd20/clock.o
                0x000020cc                system_clock_source_osc8m_set_config
 .text.system_clock_source_xosc32k_set_config
                0x00002108       0xd8 src/ASF/sam0/drivers/system/clock/clock_samd20/clock.o
                0x00002108                system_clock_source_xosc32k_set_config
 .text.system_clock_source_dfll_set_config
                0x000021e0       0xa8 src/ASF/sam0/drivers/system/clock/clock_samd20/clock.o
                0x000021e0                system_clock_source_dfll_set_config
 .text.system_clock_source_enable
                0x00002288       0x90 src/ASF/sam0/drivers/system/clock/clock_samd20/clock.o
                0x00002288                system_clock_source_enable
 .text.system_clock_init
                0x00002318      0x17c src/ASF/sam0/drivers/system/clock/clock_samd20/clock.o
                0x00002318                system_clock_init
 .text.system_gclk_init
                0x00002494       0x24 src/ASF/sam0/drivers/system/clock/clock_samd20/gclk.o
                0x00002494                system_gclk_init
 .text.system_gclk_gen_set_config
                0x000024b8       0xb8 src/ASF/sam0/drivers/system/clock/clock_samd20/gclk.o
                0x000024b8                system_gclk_gen_set_config
 .text.system_gclk_gen_enable
                0x00002570       0x44 src/ASF/sam0/drivers/system/clock/clock_samd20/gclk.o
                0x00002570                system_gclk_gen_enable
 .text.system_gclk_gen_get_hz
                0x000025b4       0x8c src/ASF/sam0/drivers/system/clock/clock_samd20/gclk.o
                0x000025b4                system_gclk_gen_get_hz
 .text.system_gclk_chan_enable
                0x00002640       0x30 src/ASF/sam0/drivers/system/clock/clock_samd20/gclk.o
                0x00002640                system_gclk_chan_enable
 .text.system_gclk_chan_disable
                0x00002670       0x5c src/ASF/sam0/drivers/system/clock/clock_samd20/gclk.o
                0x00002670                system_gclk_chan_disable
 .text.system_gclk_chan_set_config
                0x000026cc       0x1c src/ASF/sam0/drivers/system/clock/clock_samd20/gclk.o
                0x000026cc                system_gclk_chan_set_config
 .text.system_gclk_chan_get_hz
                0x000026e8       0x34 src/ASF/sam0/drivers/system/clock/clock_samd20/gclk.o
                0x000026e8                system_gclk_chan_get_hz
 .text._system_pinmux_config
                0x0000271c       0xa8 src/ASF/sam0/drivers/system/pinmux/pinmux.o
 .text.system_pinmux_pin_set_config
                0x000027c4       0x30 src/ASF/sam0/drivers/system/pinmux/pinmux.o
                0x000027c4                system_pinmux_pin_set_config
 .text._system_dummy_init
                0x000027f4        0x4 src/ASF/sam0/drivers/system/system.o
                0x000027f4                _system_extint_init
                0x000027f4                _system_events_init
                0x000027f4                _system_dummy_init
                0x000027f4                _system_divas_init
 .text.system_init
                0x000027f8       0x2c src/ASF/sam0/drivers/system/system.o
                0x000027f8                system_init
 .text.Dummy_Handler
                0x00002824        0x4 src/ASF/sam0/utils/cmsis/samd20/source/gcc/startup_samd20.o
                0x00002824                HardFault_Handler
                0x00002824                TC2_Handler
                0x00002824                AC_Handler
                0x00002824                NMI_Handler
                0x00002824                TC7_Handler
                0x00002824                ADC_Handler
                0x00002824                RTC_Handler
                0x00002824                EIC_Handler
                0x00002824                TC6_Handler
                0x00002824                WDT_Handler
                0x00002824                TC4_Handler
                0x00002824                TC1_Handler
                0x00002824                TC3_Handler
                0x00002824                Dummy_Handler
                0x00002824                PM_Handler
                0x00002824                EVSYS_Handler
                0x00002824                NVMCTRL_Handler
                0x00002824                DAC_Handler
                0x00002824                PTC_Handler
                0x00002824                TC0_Handler
                0x00002824                TC5_Handler
                0x00002824                SYSCTRL_Handler
 .text.Reset_Handler
                0x00002828       0xa8 src/ASF/sam0/utils/cmsis/samd20/source/gcc/startup_samd20.o
                0x00002828                Reset_Handler
 .text.vListInitialise
                0x000028d0       0x18 src/ASF/thirdparty/freertos/freertos-8.0.1/Source/list.o
                0x000028d0                vListInitialise
 .text.vListInitialiseItem
                0x000028e8        0x8 src/ASF/thirdparty/freertos/freertos-8.0.1/Source/list.o
                0x000028e8                vListInitialiseItem
 .text.vListInsertEnd
                0x000028f0       0x18 src/ASF/thirdparty/freertos/freertos-8.0.1/Source/list.o
                0x000028f0                vListInsertEnd
 .text.vListInsert
                0x00002908       0x30 src/ASF/thirdparty/freertos/freertos-8.0.1/Source/list.o
                0x00002908                vListInsert
 .text.uxListRemove
                0x00002938       0x24 src/ASF/thirdparty/freertos/freertos-8.0.1/Source/list.o
                0x00002938                uxListRemove
 .text.prvTaskExitError
                0x0000295c       0x14 src/ASF/thirdparty/freertos/freertos-8.0.1/Source/portable/GCC/ARM_CM0/port.o
 .text.vPortStartFirstTask
                0x00002970       0x20 src/ASF/thirdparty/freertos/freertos-8.0.1/Source/portable/GCC/ARM_CM0/port.o
 .text.pxPortInitialiseStack
                0x00002990       0x20 src/ASF/thirdparty/freertos/freertos-8.0.1/Source/portable/GCC/ARM_CM0/port.o
                0x00002990                pxPortInitialiseStack
 .text.SVC_Handler
                0x000029b0        0x4 src/ASF/thirdparty/freertos/freertos-8.0.1/Source/portable/GCC/ARM_CM0/port.o
                0x000029b0                SVC_Handler
 .text.vPortYield
                0x000029b4       0x18 src/ASF/thirdparty/freertos/freertos-8.0.1/Source/portable/GCC/ARM_CM0/port.o
                0x000029b4                vPortYield
 .text.vPortEnterCritical
                0x000029cc       0x18 src/ASF/thirdparty/freertos/freertos-8.0.1/Source/portable/GCC/ARM_CM0/port.o
                0x000029cc                vPortEnterCritical
 .text.vPortExitCritical
                0x000029e4       0x20 src/ASF/thirdparty/freertos/freertos-8.0.1/Source/portable/GCC/ARM_CM0/port.o
                0x000029e4                vPortExitCritical
 .text.ulSetInterruptMaskFromISR
                0x00002a04        0xc src/ASF/thirdparty/freertos/freertos-8.0.1/Source/portable/GCC/ARM_CM0/port.o
                0x00002a04                ulSetInterruptMaskFromISR
 .text.vClearInterruptMaskFromISR
                0x00002a10        0x8 src/ASF/thirdparty/freertos/freertos-8.0.1/Source/portable/GCC/ARM_CM0/port.o
                0x00002a10                vClearInterruptMaskFromISR
 .text.PendSV_Handler
                0x00002a18       0x44 src/ASF/thirdparty/freertos/freertos-8.0.1/Source/portable/GCC/ARM_CM0/port.o
                0x00002a18                PendSV_Handler
 .text.SysTick_Handler
                0x00002a5c       0x30 src/ASF/thirdparty/freertos/freertos-8.0.1/Source/portable/GCC/ARM_CM0/port.o
                0x00002a5c                SysTick_Handler
 .text.vPortSetupTimerInterrupt
                0x00002a8c       0x38 src/ASF/thirdparty/freertos/freertos-8.0.1/Source/portable/GCC/ARM_CM0/port.o
                0x00002a8c                vPortSetupTimerInterrupt
 .text.xPortStartScheduler
                0x00002ac4       0x40 src/ASF/thirdparty/freertos/freertos-8.0.1/Source/portable/GCC/ARM_CM0/port.o
                0x00002ac4                xPortStartScheduler
 .text.pvPortMalloc
                0x00002b04       0x68 src/ASF/thirdparty/freertos/freertos-8.0.1/Source/portable/MemMang/heap_1.o
                0x00002b04                pvPortMalloc
 .text.vPortFree
                0x00002b6c        0xc src/ASF/thirdparty/freertos/freertos-8.0.1/Source/portable/MemMang/heap_1.o
                0x00002b6c                vPortFree
 .text.prvCopyDataToQueue
                0x00002b78       0x7c src/ASF/thirdparty/freertos/freertos-8.0.1/Source/queue.o
 .text.prvNotifyQueueSetContainer
                0x00002bf4       0x50 src/ASF/thirdparty/freertos/freertos-8.0.1/Source/queue.o
 .text.prvCopyDataFromQueue
                0x00002c44       0x28 src/ASF/thirdparty/freertos/freertos-8.0.1/Source/queue.o
 .text.prvUnlockQueue
                0x00002c6c       0xac src/ASF/thirdparty/freertos/freertos-8.0.1/Source/queue.o
 .text.xQueueGenericReset
                0x00002d18       0x78 src/ASF/thirdparty/freertos/freertos-8.0.1/Source/queue.o
                0x00002d18                xQueueGenericReset
 .text.xQueueGenericCreate
                0x00002d90       0x54 src/ASF/thirdparty/freertos/freertos-8.0.1/Source/queue.o
                0x00002d90                xQueueGenericCreate
 .text.xQueueGenericSend
                0x00002de4      0x170 src/ASF/thirdparty/freertos/freertos-8.0.1/Source/queue.o
                0x00002de4                xQueueGenericSend
 .text.xQueueCreateMutex
                0x00002f54       0x58 src/ASF/thirdparty/freertos/freertos-8.0.1/Source/queue.o
                0x00002f54                xQueueCreateMutex
 .text.xQueueGenericSendFromISR
                0x00002fac       0xc8 src/ASF/thirdparty/freertos/freertos-8.0.1/Source/queue.o
                0x00002fac                xQueueGenericSendFromISR
 .text.xQueueGenericReceive
                0x00003074      0x188 src/ASF/thirdparty/freertos/freertos-8.0.1/Source/queue.o
                0x00003074                xQueueGenericReceive
 .text.vQueueWaitForMessageRestricted
                0x000031fc       0x4c src/ASF/thirdparty/freertos/freertos-8.0.1/Source/queue.o
                0x000031fc                vQueueWaitForMessageRestricted
 .text.prvTaskIsTaskSuspended
                0x00003248       0x30 src/ASF/thirdparty/freertos/freertos-8.0.1/Source/tasks.o
 .text.prvResetNextTaskUnblockTime
                0x00003278       0x2c src/ASF/thirdparty/freertos/freertos-8.0.1/Source/tasks.o
 .text.prvAddCurrentTaskToDelayedList
                0x000032a4       0x58 src/ASF/thirdparty/freertos/freertos-8.0.1/Source/tasks.o
 .text.xTaskGenericCreate
                0x000032fc      0x1ec src/ASF/thirdparty/freertos/freertos-8.0.1/Source/tasks.o
                0x000032fc                xTaskGenericCreate
 .text.vTaskResume
                0x000034e8       0x84 src/ASF/thirdparty/freertos/freertos-8.0.1/Source/tasks.o
                0x000034e8                vTaskResume
 .text.vTaskStartScheduler
                0x0000356c       0x60 src/ASF/thirdparty/freertos/freertos-8.0.1/Source/tasks.o
                0x0000356c                vTaskStartScheduler
 .text.vTaskSuspendAll
                0x000035cc       0x10 src/ASF/thirdparty/freertos/freertos-8.0.1/Source/tasks.o
                0x000035cc                vTaskSuspendAll
 .text.xTaskGetTickCount
                0x000035dc       0x20 src/ASF/thirdparty/freertos/freertos-8.0.1/Source/tasks.o
                0x000035dc                xTaskGetTickCount
 .text.xTaskIncrementTick
                0x000035fc      0x124 src/ASF/thirdparty/freertos/freertos-8.0.1/Source/tasks.o
                0x000035fc                xTaskIncrementTick
 .text.xTaskResumeAll
                0x00003720       0xf8 src/ASF/thirdparty/freertos/freertos-8.0.1/Source/tasks.o
                0x00003720                xTaskResumeAll
 .text.vTaskDelay
                0x00003818       0x5c src/ASF/thirdparty/freertos/freertos-8.0.1/Source/tasks.o
                0x00003818                vTaskDelay
 .text.prvIdleTask
                0x00003874       0x8c src/ASF/thirdparty/freertos/freertos-8.0.1/Source/tasks.o
 .text.vTaskSwitchContext
                0x00003900       0xac src/ASF/thirdparty/freertos/freertos-8.0.1/Source/tasks.o
                0x00003900                vTaskSwitchContext
 .text.vTaskSuspend
                0x000039ac       0xb4 src/ASF/thirdparty/freertos/freertos-8.0.1/Source/tasks.o
                0x000039ac                vTaskSuspend
 .text.vTaskPlaceOnEventList
                0x00003a60       0x58 src/ASF/thirdparty/freertos/freertos-8.0.1/Source/tasks.o
                0x00003a60                vTaskPlaceOnEventList
 .text.vTaskPlaceOnEventListRestricted
                0x00003ab8       0x40 src/ASF/thirdparty/freertos/freertos-8.0.1/Source/tasks.o
                0x00003ab8                vTaskPlaceOnEventListRestricted
 .text.xTaskRemoveFromEventList
                0x00003af8       0x88 src/ASF/thirdparty/freertos/freertos-8.0.1/Source/tasks.o
                0x00003af8                xTaskRemoveFromEventList
 .text.vTaskSetTimeOutState
                0x00003b80       0x20 src/ASF/thirdparty/freertos/freertos-8.0.1/Source/tasks.o
                0x00003b80                vTaskSetTimeOutState
 .text.xTaskCheckForTimeOut
                0x00003ba0       0x70 src/ASF/thirdparty/freertos/freertos-8.0.1/Source/tasks.o
                0x00003ba0                xTaskCheckForTimeOut
 .text.vTaskMissedYield
                0x00003c10        0xc src/ASF/thirdparty/freertos/freertos-8.0.1/Source/tasks.o
                0x00003c10                vTaskMissedYield
 .text.xTaskGetCurrentTaskHandle
                0x00003c1c        0xc src/ASF/thirdparty/freertos/freertos-8.0.1/Source/tasks.o
                0x00003c1c                xTaskGetCurrentTaskHandle
 .text.xTaskGetSchedulerState
                0x00003c28       0x20 src/ASF/thirdparty/freertos/freertos-8.0.1/Source/tasks.o
                0x00003c28                xTaskGetSchedulerState
 .text.vTaskPriorityInherit
                0x00003c48       0x84 src/ASF/thirdparty/freertos/freertos-8.0.1/Source/tasks.o
                0x00003c48                vTaskPriorityInherit
 .text.vTaskPriorityDisinherit
                0x00003ccc       0x58 src/ASF/thirdparty/freertos/freertos-8.0.1/Source/tasks.o
                0x00003ccc                vTaskPriorityDisinherit
 .text.prvInsertTimerInActiveList
                0x00003d24       0x4c src/ASF/thirdparty/freertos/freertos-8.0.1/Source/timers.o
 .text.prvCheckForValidListAndQueue
                0x00003d70       0x68 src/ASF/thirdparty/freertos/freertos-8.0.1/Source/timers.o
 .text.xTimerCreateTimerTask
                0x00003dd8       0x48 src/ASF/thirdparty/freertos/freertos-8.0.1/Source/timers.o
                0x00003dd8                xTimerCreateTimerTask
 .text.xTimerGenericCommand
                0x00003e20       0x64 src/ASF/thirdparty/freertos/freertos-8.0.1/Source/timers.o
                0x00003e20                xTimerGenericCommand
 .text.prvSampleTimeNow
                0x00003e84       0xbc src/ASF/thirdparty/freertos/freertos-8.0.1/Source/timers.o
 .text.prvTimerTask
                0x00003f40      0x18c src/ASF/thirdparty/freertos/freertos-8.0.1/Source/timers.o
 .text.cdc_rx_handler
                0x000040cc       0x74 src/demotasks.o
 .text.uart_task
                0x00004140       0xec src/demotasks.o
 .text.about_task
                0x0000422c      0x100 src/demotasks.o
 .text.graph_task
                0x0000432c       0xf8 src/demotasks.o
 .text.terminal_task
                0x00004424      0x108 src/demotasks.o
 .text.NRF_Task
                0x0000452c       0xd0 src/demotasks.o
 .text.main_task
                0x000045fc      0x1cc src/demotasks.o
 .text.demotasks_init
                0x000047c8      0x268 src/demotasks.o
                0x000047c8                demotasks_init
 .text.main     0x00004a30       0x78 src/main.o
                0x00004a30                main
 .text          0x00004aa8      0x120 c:/program files (x86)/atmel/studio/7.0/toolchain/arm/arm-gnu-toolchain/bin/../lib/gcc/arm-none-eabi/4.9.3/armv6-m\libgcc.a(_udivsi3.o)
                0x00004aa8                __aeabi_uidiv
                0x00004aa8                __udivsi3
                0x00004bb4                __aeabi_uidivmod
 .text          0x00004bc8        0x4 c:/program files (x86)/atmel/studio/7.0/toolchain/arm/arm-gnu-toolchain/bin/../lib/gcc/arm-none-eabi/4.9.3/armv6-m\libgcc.a(_dvmd_tls.o)
                0x00004bc8                __aeabi_idiv0
                0x00004bc8                __aeabi_ldiv0
 .text          0x00004bcc       0x54 c:/program files (x86)/atmel/studio/7.0/toolchain/arm/arm-gnu-toolchain/bin/../lib/gcc/arm-none-eabi/4.9.3/armv6-m\libgcc.a(_muldi3.o)
                0x00004bcc                __muldi3
                0x00004bcc                __aeabi_lmul
 .text.__libc_init_array
                0x00004c20       0x4c c:/program files (x86)/atmel/studio/7.0/toolchain/arm/arm-gnu-toolchain/bin/../lib/gcc/arm-none-eabi/4.9.3/../../../../arm-none-eabi/lib/armv6-m\libc_nano.a(lib_a-init.o)
                0x00004c20                __libc_init_array
 .text.memcpy   0x00004c6c       0x12 c:/program files (x86)/atmel/studio/7.0/toolchain/arm/arm-gnu-toolchain/bin/../lib/gcc/arm-none-eabi/4.9.3/../../../../arm-none-eabi/lib/armv6-m\libc_nano.a(lib_a-memcpy.o)
                0x00004c6c                memcpy
 *(.glue_7t)
 .glue_7t       0x00000000        0x0 linker stubs
 *(.glue_7)
 .glue_7        0x00000000        0x0 linker stubs
 *(.rodata .rodata* .gnu.linkonce.r.*)
 *fill*         0x00004c7e        0x2 
 .rodata.sysfont_glyphs
                0x00004c80      0x292 src/ASF/common2/services/gfx_mono/sysfont.o
 *fill*         0x00004f12        0x2 
 .rodata        0x00004f14       0x18 src/ASF/sam0/drivers/sercom/sercom.o
 .rodata        0x00004f2c        0x6 src/ASF/sam0/drivers/sercom/sercom_interrupt.o
 *fill*         0x00004f32        0x2 
 .rodata.system_clock_source_get_hz
                0x00004f34       0x20 src/ASF/sam0/drivers/system/clock/clock_samd20/clock.o
 .rodata.system_clock_source_enable
                0x00004f54       0x20 src/ASF/sam0/drivers/system/clock/clock_samd20/clock.o
 .rodata.str1.4
                0x00004f74        0x5 src/ASF/thirdparty/freertos/freertos-8.0.1/Source/tasks.o
 *fill*         0x00004f79        0x3 
 .rodata.prvTimerTask
                0x00004f7c       0x28 src/ASF/thirdparty/freertos/freertos-8.0.1/Source/timers.o
 .rodata.str1.4
                0x00004fa4        0x8 src/ASF/thirdparty/freertos/freertos-8.0.1/Source/timers.o
 .rodata        0x00004fac        0x5 src/demotasks.o
 *fill*         0x00004fb1        0x3 
 .rodata.menu_items_text
                0x00004fb4       0x12 src/demotasks.o
 *fill*         0x00004fc6        0x2 
 .rodata.about_text
                0x00004fc8       0x40 src/demotasks.o
 .rodata.str1.4
                0x00005008       0x2c src/demotasks.o
 *(.ARM.extab* .gnu.linkonce.armextab.*)
                0x00005034                . = ALIGN (0x4)
 *(.init)
 .init          0x00005034        0x4 c:/program files (x86)/atmel/studio/7.0/toolchain/arm/arm-gnu-toolchain/bin/../lib/gcc/arm-none-eabi/4.9.3/armv6-m/crti.o
                0x00005034                _init
 .init          0x00005038        0x8 c:/program files (x86)/atmel/studio/7.0/toolchain/arm/arm-gnu-toolchain/bin/../lib/gcc/arm-none-eabi/4.9.3/armv6-m/crtn.o
                0x00005040                . = ALIGN (0x4)
                0x00005040                __preinit_array_start = .
 *(.preinit_array)
                0x00005040                __preinit_array_end = .
                0x00005040                . = ALIGN (0x4)
                0x00005040                __init_array_start = .
 *(SORT(.init_array.*))
 *(.init_array)
 .init_array    0x00005040        0x4 c:/program files (x86)/atmel/studio/7.0/toolchain/arm/arm-gnu-toolchain/bin/../lib/gcc/arm-none-eabi/4.9.3/armv6-m/crtbegin.o
                0x00005044                __init_array_end = .
                0x00005044                . = ALIGN (0x4)
 *crtbegin.o(.ctors)
 *(EXCLUDE_FILE(*crtend.o) .ctors)
 *(SORT(.ctors.*))
 *crtend.o(.ctors)
                0x00005044                . = ALIGN (0x4)
 *(.fini)
 .fini          0x00005044        0x4 c:/program files (x86)/atmel/studio/7.0/toolchain/arm/arm-gnu-toolchain/bin/../lib/gcc/arm-none-eabi/4.9.3/armv6-m/crti.o
                0x00005044                _fini
 .fini          0x00005048        0x8 c:/program files (x86)/atmel/studio/7.0/toolchain/arm/arm-gnu-toolchain/bin/../lib/gcc/arm-none-eabi/4.9.3/armv6-m/crtn.o
                0x00005050                . = ALIGN (0x4)
                0x00005050                __fini_array_start = .
 *(.fini_array)
 .fini_array    0x00005050        0x4 c:/program files (x86)/atmel/studio/7.0/toolchain/arm/arm-gnu-toolchain/bin/../lib/gcc/arm-none-eabi/4.9.3/armv6-m/crtbegin.o
 *(SORT(.fini_array.*))
                0x00005054                __fini_array_end = .
 *crtbegin.o(.dtors)
 *(EXCLUDE_FILE(*crtend.o) .dtors)
 *(SORT(.dtors.*))
 *crtend.o(.dtors)
                0x00005054                . = ALIGN (0x4)
                0x00005054                _efixed = .
                0x00005054                PROVIDE (__exidx_start, .)

.vfp11_veneer   0x00005054        0x0
 .vfp11_veneer  0x00000000        0x0 linker stubs

.v4_bx          0x00005054        0x0
 .v4_bx         0x00000000        0x0 linker stubs

.iplt           0x00005054        0x0
 .iplt          0x00000000        0x0 c:/program files (x86)/atmel/studio/7.0/toolchain/arm/arm-gnu-toolchain/bin/../lib/gcc/arm-none-eabi/4.9.3/armv6-m/crtbegin.o

.eh_frame       0x00005054        0x0
 .eh_frame      0x00005054        0x0 c:/program files (x86)/atmel/studio/7.0/toolchain/arm/arm-gnu-toolchain/bin/../lib/gcc/arm-none-eabi/4.9.3/armv6-m/crtbegin.o

.rel.dyn        0x00005054        0x0
 .rel.iplt      0x00000000        0x0 c:/program files (x86)/atmel/studio/7.0/toolchain/arm/arm-gnu-toolchain/bin/../lib/gcc/arm-none-eabi/4.9.3/armv6-m/crtbegin.o

.jcr            0x00005054        0x0
 .jcr           0x00005054        0x0 c:/program files (x86)/atmel/studio/7.0/toolchain/arm/arm-gnu-toolchain/bin/../lib/gcc/arm-none-eabi/4.9.3/armv6-m/crtbegin.o

.igot.plt       0x00005054        0x0
 .igot.plt      0x00000000        0x0 c:/program files (x86)/atmel/studio/7.0/toolchain/arm/arm-gnu-toolchain/bin/../lib/gcc/arm-none-eabi/4.9.3/armv6-m/crtbegin.o

.ARM.exidx
 *(.ARM.exidx* .gnu.linkonce.armexidx.*)
                0x00005054                PROVIDE (__exidx_end, .)
                0x00005054                . = ALIGN (0x4)
                0x00005054                _etext = .

.relocate       0x20000000       0x24 load address 0x00005054
                0x20000000                . = ALIGN (0x4)
                0x20000000                _srelocate = .
 *(.ramfunc .ramfunc.*)
 *(.data .data.*)
 .data.cycles_per_us
                0x20000000        0x4 src/ASF/common2/services/delay/sam0/systick_counter.o
 .data.cycles_per_ms
                0x20000004        0x4 src/ASF/common2/services/delay/sam0/systick_counter.o
 .data.sysfont  0x20000008        0xc src/ASF/common2/services/gfx_mono/sysfont.o
                0x20000008                sysfont
 .data.g_interrupt_enabled
                0x20000014        0x1 src/ASF/common/utils/interrupt/interrupt_sam_nvic.o
                0x20000014                g_interrupt_enabled
 *fill*         0x20000015        0x3 
 .data.uxCriticalNesting
                0x20000018        0x4 src/ASF/thirdparty/freertos/freertos-8.0.1/Source/portable/GCC/ARM_CM0/port.o
 .data.xNextTaskUnblockTime
                0x2000001c        0x4 src/ASF/thirdparty/freertos/freertos-8.0.1/Source/tasks.o
 .data.graph_noise
                0x20000020        0x1 src/demotasks.o
                0x20000024                . = ALIGN (0x4)
 *fill*         0x20000021        0x3 
                0x20000024                _erelocate = .

.bss            0x20000024     0x4124 load address 0x00005078
                0x20000024                . = ALIGN (0x4)
                0x20000024                _sbss = .
                0x20000024                _szero = .
 *(.bss .bss.*)
 .bss           0x20000024       0x1c c:/program files (x86)/atmel/studio/7.0/toolchain/arm/arm-gnu-toolchain/bin/../lib/gcc/arm-none-eabi/4.9.3/armv6-m/crtbegin.o
 .bss.fbpointer
                0x20000040        0x4 src/ASF/common2/services/gfx_mono/gfx_mono_framebuffer.o
 .bss.framebuffer
                0x20000044      0x400 src/ASF/common2/services/gfx_mono/gfx_mono_ug_2832hsweg04.o
 .bss.cpu_irq_critical_section_counter
                0x20000444        0x4 src/ASF/common/utils/interrupt/interrupt_sam_nvic.o
 .bss.cpu_irq_prev_interrupt_state
                0x20000448        0x1 src/ASF/common/utils/interrupt/interrupt_sam_nvic.o
 *fill*         0x20000449        0x3 
 .bss._sercom_config
                0x2000044c        0x2 src/ASF/sam0/drivers/sercom/sercom.o
 .bss._handler_table_initialized
                0x2000044e        0x1 src/ASF/sam0/drivers/sercom/sercom_interrupt.o
 *fill*         0x2000044f        0x1 
 .bss._sercom_interrupt_handlers
                0x20000450       0x18 src/ASF/sam0/drivers/sercom/sercom_interrupt.o
 .bss._system_clock_inst
                0x20000468       0x14 src/ASF/sam0/drivers/system/clock/clock_samd20/clock.o
 .bss.xNextFreeByte
                0x2000047c        0x4 src/ASF/thirdparty/freertos/freertos-8.0.1/Source/portable/MemMang/heap_1.o
 .bss.ucHeap    0x20000480     0x3a98 src/ASF/thirdparty/freertos/freertos-8.0.1/Source/portable/MemMang/heap_1.o
 .bss.pucAlignedHeap.9425
                0x20003f18        0x4 src/ASF/thirdparty/freertos/freertos-8.0.1/Source/portable/MemMang/heap_1.o
 .bss.xNumOfOverflows
                0x20003f1c        0x4 src/ASF/thirdparty/freertos/freertos-8.0.1/Source/tasks.o
 .bss.pxDelayedTaskList
                0x20003f20        0x4 src/ASF/thirdparty/freertos/freertos-8.0.1/Source/tasks.o
 .bss.xSchedulerRunning
                0x20003f24        0x4 src/ASF/thirdparty/freertos/freertos-8.0.1/Source/tasks.o
 .bss.uxTasksDeleted
                0x20003f28        0x4 src/ASF/thirdparty/freertos/freertos-8.0.1/Source/tasks.o
 .bss.xDelayedTaskList1
                0x20003f2c       0x14 src/ASF/thirdparty/freertos/freertos-8.0.1/Source/tasks.o
 .bss.xDelayedTaskList2
                0x20003f40       0x14 src/ASF/thirdparty/freertos/freertos-8.0.1/Source/tasks.o
 .bss.uxPendedTicks
                0x20003f54        0x4 src/ASF/thirdparty/freertos/freertos-8.0.1/Source/tasks.o
 .bss.pxReadyTasksLists
                0x20003f58       0x64 src/ASF/thirdparty/freertos/freertos-8.0.1/Source/tasks.o
 .bss.xTasksWaitingTermination
                0x20003fbc       0x14 src/ASF/thirdparty/freertos/freertos-8.0.1/Source/tasks.o
 .bss.pxCurrentTCB
                0x20003fd0        0x4 src/ASF/thirdparty/freertos/freertos-8.0.1/Source/tasks.o
                0x20003fd0                pxCurrentTCB
 .bss.xPendingReadyList
                0x20003fd4       0x14 src/ASF/thirdparty/freertos/freertos-8.0.1/Source/tasks.o
 .bss.uxSchedulerSuspended
                0x20003fe8        0x4 src/ASF/thirdparty/freertos/freertos-8.0.1/Source/tasks.o
 .bss.xTickCount
                0x20003fec        0x4 src/ASF/thirdparty/freertos/freertos-8.0.1/Source/tasks.o
 .bss.pxOverflowDelayedTaskList
                0x20003ff0        0x4 src/ASF/thirdparty/freertos/freertos-8.0.1/Source/tasks.o
 .bss.uxTaskNumber
                0x20003ff4        0x4 src/ASF/thirdparty/freertos/freertos-8.0.1/Source/tasks.o
 .bss.uxCurrentNumberOfTasks
                0x20003ff8        0x4 src/ASF/thirdparty/freertos/freertos-8.0.1/Source/tasks.o
 .bss.xSuspendedTaskList
                0x20003ffc       0x14 src/ASF/thirdparty/freertos/freertos-8.0.1/Source/tasks.o
 .bss.uxTopReadyPriority
                0x20004010        0x4 src/ASF/thirdparty/freertos/freertos-8.0.1/Source/tasks.o
 .bss.xYieldPending
                0x20004014        0x4 src/ASF/thirdparty/freertos/freertos-8.0.1/Source/tasks.o
 .bss.pxCurrentTimerList
                0x20004018        0x4 src/ASF/thirdparty/freertos/freertos-8.0.1/Source/timers.o
 .bss.xActiveTimerList1
                0x2000401c       0x14 src/ASF/thirdparty/freertos/freertos-8.0.1/Source/timers.o
 .bss.xActiveTimerList2
                0x20004030       0x14 src/ASF/thirdparty/freertos/freertos-8.0.1/Source/timers.o
 .bss.xLastTime.9668
                0x20004044        0x4 src/ASF/thirdparty/freertos/freertos-8.0.1/Source/timers.o
 .bss.xTimerQueue
                0x20004048        0x4 src/ASF/thirdparty/freertos/freertos-8.0.1/Source/timers.o
 .bss.pxOverflowTimerList
                0x2000404c        0x4 src/ASF/thirdparty/freertos/freertos-8.0.1/Source/timers.o
 .bss.terminal_buffer
                0x20004050       0x58 src/demotasks.o
 .bss.cdc_usart
                0x200040a8       0x24 src/demotasks.o
 .bss.display_mutex
                0x200040cc        0x4 src/demotasks.o
 .bss.terminal_mutex
                0x200040d0        0x4 src/demotasks.o
 .bss.terminal_task_handle
                0x200040d4        0x4 src/demotasks.o
 .bss.XMitState.11033
                0x200040d8        0x1 src/demotasks.o
 .bss.terminal_line_offset
                0x200040d9        0x1 src/demotasks.o
 *fill*         0x200040da        0x2 
 .bss.about_task_handle
                0x200040dc        0x4 src/demotasks.o
 .bss.terminal_in_queue
                0x200040e0        0x4 src/demotasks.o
 .bss.ArrayIn.11031
                0x200040e4       0x32 src/demotasks.o
 *(COMMON)
 *fill*         0x20004116        0x2 
 COMMON         0x20004118        0xb src/NRF24L01_DRIVER.o
                0x20004118                spi_master_instance
                0x20004120                slave
 *fill*         0x20004123        0x1 
 COMMON         0x20004124        0xb src/ASF/common2/components/display/ssd1306/ssd1306.o
                0x20004124                ssd1306_master
                0x2000412c                ssd1306_slave
 *fill*         0x2000412f        0x1 
 COMMON         0x20004130       0x18 src/ASF/sam0/drivers/sercom/sercom_interrupt.o
                0x20004130                _sercom_instances
                0x20004148                . = ALIGN (0x4)
                0x20004148                _ebss = .
                0x20004148                _ezero = .

.stack          0x20004148     0x2000 load address 0x0000919c
                0x20004148                . = ALIGN (0x8)
                0x20004148                _sstack = .
                0x20006148                . = (. + STACK_SIZE)
 *fill*         0x20004148     0x2000 
                0x20006148                . = ALIGN (0x8)
                0x20006148                _estack = .
                0x20006148                . = ALIGN (0x4)
                0x20006148                _end = .
OUTPUT(FREERTOS_OLED_Wireless_Wip.elf elf32-littlearm)

.ARM.attributes
                0x00000000       0x28
 .ARM.attributes
                0x00000000       0x1e c:/program files (x86)/atmel/studio/7.0/toolchain/arm/arm-gnu-toolchain/bin/../lib/gcc/arm-none-eabi/4.9.3/armv6-m/crti.o
 .ARM.attributes
                0x0000001e       0x2c c:/program files (x86)/atmel/studio/7.0/toolchain/arm/arm-gnu-toolchain/bin/../lib/gcc/arm-none-eabi/4.9.3/armv6-m/crtbegin.o
 .ARM.attributes
                0x0000004a       0x32 src/NRF24L01_DRIVER.o
 .ARM.attributes
                0x0000007c       0x32 src/ASF/common2/components/display/ssd1306/ssd1306.o
 .ARM.attributes
                0x000000ae       0x32 src/ASF/common2/services/delay/sam0/systick_counter.o
 .ARM.attributes
                0x000000e0       0x32 src/ASF/common2/services/gfx_mono/gfx_mono_framebuffer.o
 .ARM.attributes
                0x00000112       0x32 src/ASF/common2/services/gfx_mono/gfx_mono_generic.o
 .ARM.attributes
                0x00000144       0x32 src/ASF/common2/services/gfx_mono/gfx_mono_text.o
 .ARM.attributes
                0x00000176       0x32 src/ASF/common2/services/gfx_mono/gfx_mono_ug_2832hsweg04.o
 .ARM.attributes
                0x000001a8       0x32 src/ASF/common2/services/gfx_mono/sysfont.o
 .ARM.attributes
                0x000001da       0x32 src/ASF/common/utils/interrupt/interrupt_sam_nvic.o
 .ARM.attributes
                0x0000020c       0x32 src/ASF/sam0/boards/samd20_xplained_pro/board_init.o
 .ARM.attributes
                0x0000023e       0x32 src/ASF/sam0/drivers/port/port.o
 .ARM.attributes
                0x00000270       0x32 src/ASF/sam0/drivers/sercom/sercom.o
 .ARM.attributes
                0x000002a2       0x32 src/ASF/sam0/drivers/sercom/sercom_interrupt.o
 .ARM.attributes
                0x000002d4       0x32 src/ASF/sam0/drivers/sercom/spi/spi.o
 .ARM.attributes
                0x00000306       0x32 src/ASF/sam0/drivers/sercom/usart/usart.o
 .ARM.attributes
                0x00000338       0x32 src/ASF/sam0/drivers/sercom/usart/usart_interrupt.o
 .ARM.attributes
                0x0000036a       0x32 src/ASF/sam0/drivers/system/clock/clock_samd20/clock.o
 .ARM.attributes
                0x0000039c       0x32 src/ASF/sam0/drivers/system/clock/clock_samd20/gclk.o
 .ARM.attributes
                0x000003ce       0x32 src/ASF/sam0/drivers/system/pinmux/pinmux.o
 .ARM.attributes
                0x00000400       0x32 src/ASF/sam0/drivers/system/system.o
 .ARM.attributes
                0x00000432       0x32 src/ASF/sam0/utils/cmsis/samd20/source/gcc/startup_samd20.o
 .ARM.attributes
                0x00000464       0x32 src/ASF/thirdparty/freertos/freertos-8.0.1/Source/list.o
 .ARM.attributes
                0x00000496       0x32 src/ASF/thirdparty/freertos/freertos-8.0.1/Source/portable/GCC/ARM_CM0/port.o
 .ARM.attributes
                0x000004c8       0x32 src/ASF/thirdparty/freertos/freertos-8.0.1/Source/portable/MemMang/heap_1.o
 .ARM.attributes
                0x000004fa       0x32 src/ASF/thirdparty/freertos/freertos-8.0.1/Source/queue.o
 .ARM.attributes
                0x0000052c       0x32 src/ASF/thirdparty/freertos/freertos-8.0.1/Source/tasks.o
 .ARM.attributes
                0x0000055e       0x32 src/ASF/thirdparty/freertos/freertos-8.0.1/Source/timers.o
 .ARM.attributes
                0x00000590       0x32 src/demotasks.o
 .ARM.attributes
                0x000005c2       0x32 src/main.o
 .ARM.attributes
                0x000005f4       0x1e c:/program files (x86)/atmel/studio/7.0/toolchain/arm/arm-gnu-toolchain/bin/../lib/gcc/arm-none-eabi/4.9.3/armv6-m\libgcc.a(_udivsi3.o)
 .ARM.attributes
                0x00000612       0x1e c:/program files (x86)/atmel/studio/7.0/toolchain/arm/arm-gnu-toolchain/bin/../lib/gcc/arm-none-eabi/4.9.3/armv6-m\libgcc.a(_dvmd_tls.o)
 .ARM.attributes
                0x00000630       0x2c c:/program files (x86)/atmel/studio/7.0/toolchain/arm/arm-gnu-toolchain/bin/../lib/gcc/arm-none-eabi/4.9.3/armv6-m\libgcc.a(_muldi3.o)
 .ARM.attributes
                0x0000065c       0x2c c:/program files (x86)/atmel/studio/7.0/toolchain/arm/arm-gnu-toolchain/bin/../lib/gcc/arm-none-eabi/4.9.3/../../../../arm-none-eabi/lib/armv6-m\libc_nano.a(lib_a-init.o)
 .ARM.attributes
                0x00000688       0x2c c:/program files (x86)/atmel/studio/7.0/toolchain/arm/arm-gnu-toolchain/bin/../lib/gcc/arm-none-eabi/4.9.3/../../../../arm-none-eabi/lib/armv6-m\libc_nano.a(lib_a-memcpy.o)
 .ARM.attributes
                0x000006b4       0x1e c:/program files (x86)/atmel/studio/7.0/toolchain/arm/arm-gnu-toolchain/bin/../lib/gcc/arm-none-eabi/4.9.3/armv6-m/crtn.o

.comment        0x00000000       0x5b
 .comment       0x00000000       0x5b src/NRF24L01_DRIVER.o
                                 0x5c (size before relaxing)
 .comment       0x00000000       0x5c src/ASF/common2/components/display/ssd1306/ssd1306.o
 .comment       0x00000000       0x5c src/ASF/common2/services/delay/sam0/systick_counter.o
 .comment       0x00000000       0x5c src/ASF/common2/services/gfx_mono/gfx_mono_framebuffer.o
 .comment       0x00000000       0x5c src/ASF/common2/services/gfx_mono/gfx_mono_generic.o
 .comment       0x00000000       0x5c src/ASF/common2/services/gfx_mono/gfx_mono_text.o
 .comment       0x00000000       0x5c src/ASF/common2/services/gfx_mono/gfx_mono_ug_2832hsweg04.o
 .comment       0x00000000       0x5c src/ASF/common2/services/gfx_mono/sysfont.o
 .comment       0x00000000       0x5c src/ASF/common/utils/interrupt/interrupt_sam_nvic.o
 .comment       0x00000000       0x5c src/ASF/sam0/boards/samd20_xplained_pro/board_init.o
 .comment       0x00000000       0x5c src/ASF/sam0/drivers/port/port.o
 .comment       0x00000000       0x5c src/ASF/sam0/drivers/sercom/sercom.o
 .comment       0x00000000       0x5c src/ASF/sam0/drivers/sercom/sercom_interrupt.o
 .comment       0x00000000       0x5c src/ASF/sam0/drivers/sercom/spi/spi.o
 .comment       0x00000000       0x5c src/ASF/sam0/drivers/sercom/usart/usart.o
 .comment       0x00000000       0x5c src/ASF/sam0/drivers/sercom/usart/usart_interrupt.o
 .comment       0x00000000       0x5c src/ASF/sam0/drivers/system/clock/clock_samd20/clock.o
 .comment       0x00000000       0x5c src/ASF/sam0/drivers/system/clock/clock_samd20/gclk.o
 .comment       0x00000000       0x5c src/ASF/sam0/drivers/system/pinmux/pinmux.o
 .comment       0x00000000       0x5c src/ASF/sam0/drivers/system/system.o
 .comment       0x00000000       0x5c src/ASF/sam0/utils/cmsis/samd20/source/gcc/startup_samd20.o
 .comment       0x00000000       0x5c src/ASF/thirdparty/freertos/freertos-8.0.1/Source/list.o
 .comment       0x00000000       0x5c src/ASF/thirdparty/freertos/freertos-8.0.1/Source/portable/GCC/ARM_CM0/port.o
 .comment       0x00000000       0x5c src/ASF/thirdparty/freertos/freertos-8.0.1/Source/portable/MemMang/heap_1.o
 .comment       0x00000000       0x5c src/ASF/thirdparty/freertos/freertos-8.0.1/Source/queue.o
 .comment       0x00000000       0x5c src/ASF/thirdparty/freertos/freertos-8.0.1/Source/tasks.o
 .comment       0x00000000       0x5c src/ASF/thirdparty/freertos/freertos-8.0.1/Source/timers.o
 .comment       0x00000000       0x5c src/demotasks.o
 .comment       0x00000000       0x5c src/main.o

.debug_info     0x00000000    0x288d2
 .debug_info    0x00000000     0x36f2 src/NRF24L01_DRIVER.o
 .debug_info    0x000036f2     0x2c75 src/ASF/common2/components/display/ssd1306/ssd1306.o
 .debug_info    0x00006367      0x269 src/ASF/common2/services/delay/sam0/systick_counter.o
 .debug_info    0x000065d0      0x59f src/ASF/common2/services/gfx_mono/gfx_mono_framebuffer.o
 .debug_info    0x00006b6f      0xbf2 src/ASF/common2/services/gfx_mono/gfx_mono_generic.o
 .debug_info    0x00007761      0x647 src/ASF/common2/services/gfx_mono/gfx_mono_text.o
 .debug_info    0x00007da8      0x8be src/ASF/common2/services/gfx_mono/gfx_mono_ug_2832hsweg04.o
 .debug_info    0x00008666      0x2ee src/ASF/common2/services/gfx_mono/sysfont.o
 .debug_info    0x00008954      0x1ec src/ASF/common/utils/interrupt/interrupt_sam_nvic.o
 .debug_info    0x00008b40      0x9b6 src/ASF/sam0/boards/samd20_xplained_pro/board_init.o
 .debug_info    0x000094f6      0x968 src/ASF/sam0/drivers/port/port.o
 .debug_info    0x00009e5e     0x1d97 src/ASF/sam0/drivers/sercom/sercom.o
 .debug_info    0x0000bbf5     0x1b75 src/ASF/sam0/drivers/sercom/sercom_interrupt.o
 .debug_info    0x0000d76a     0x5583 src/ASF/sam0/drivers/sercom/spi/spi.o
 .debug_info    0x00012ced     0x3909 src/ASF/sam0/drivers/sercom/usart/usart.o
 .debug_info    0x000165f6     0x1f85 src/ASF/sam0/drivers/sercom/usart/usart_interrupt.o
 .debug_info    0x0001857b     0x350b src/ASF/sam0/drivers/system/clock/clock_samd20/clock.o
 .debug_info    0x0001ba86     0x1458 src/ASF/sam0/drivers/system/clock/clock_samd20/gclk.o
 .debug_info    0x0001cede      0xa47 src/ASF/sam0/drivers/system/pinmux/pinmux.o
 .debug_info    0x0001d925      0x17a src/ASF/sam0/drivers/system/system.o
 .debug_info    0x0001da9f      0x98b src/ASF/sam0/utils/cmsis/samd20/source/gcc/startup_samd20.o
 .debug_info    0x0001e42a      0x34a src/ASF/thirdparty/freertos/freertos-8.0.1/Source/list.o
 .debug_info    0x0001e774      0x3a4 src/ASF/thirdparty/freertos/freertos-8.0.1/Source/portable/GCC/ARM_CM0/port.o
 .debug_info    0x0001eb18      0x21b src/ASF/thirdparty/freertos/freertos-8.0.1/Source/portable/MemMang/heap_1.o
 .debug_info    0x0001ed33     0x1386 src/ASF/thirdparty/freertos/freertos-8.0.1/Source/queue.o
 .debug_info    0x000200b9     0x167f src/ASF/thirdparty/freertos/freertos-8.0.1/Source/tasks.o
 .debug_info    0x00021738      0xc95 src/ASF/thirdparty/freertos/freertos-8.0.1/Source/timers.o
 .debug_info    0x000223cd     0x424b src/demotasks.o
 .debug_info    0x00026618     0x22ba src/main.o

.debug_abbrev   0x00000000     0x465e
 .debug_abbrev  0x00000000      0x3ac src/NRF24L01_DRIVER.o
 .debug_abbrev  0x000003ac      0x32a src/ASF/common2/components/display/ssd1306/ssd1306.o
 .debug_abbrev  0x000006d6      0x13c src/ASF/common2/services/delay/sam0/systick_counter.o
 .debug_abbrev  0x00000812      0x16a src/ASF/common2/services/gfx_mono/gfx_mono_framebuffer.o
 .debug_abbrev  0x0000097c      0x1c1 src/ASF/common2/services/gfx_mono/gfx_mono_generic.o
 .debug_abbrev  0x00000b3d      0x1f7 src/ASF/common2/services/gfx_mono/gfx_mono_text.o
 .debug_abbrev  0x00000d34      0x25e src/ASF/common2/services/gfx_mono/gfx_mono_ug_2832hsweg04.o
 .debug_abbrev  0x00000f92       0xe0 src/ASF/common2/services/gfx_mono/sysfont.o
 .debug_abbrev  0x00001072       0xf6 src/ASF/common/utils/interrupt/interrupt_sam_nvic.o
 .debug_abbrev  0x00001168      0x22b src/ASF/sam0/boards/samd20_xplained_pro/board_init.o
 .debug_abbrev  0x00001393      0x1da src/ASF/sam0/drivers/port/port.o
 .debug_abbrev  0x0000156d      0x2fd src/ASF/sam0/drivers/sercom/sercom.o
 .debug_abbrev  0x0000186a      0x22c src/ASF/sam0/drivers/sercom/sercom_interrupt.o
 .debug_abbrev  0x00001a96      0x45d src/ASF/sam0/drivers/sercom/spi/spi.o
 .debug_abbrev  0x00001ef3      0x3c6 src/ASF/sam0/drivers/sercom/usart/usart.o
 .debug_abbrev  0x000022b9      0x37b src/ASF/sam0/drivers/sercom/usart/usart_interrupt.o
 .debug_abbrev  0x00002634      0x448 src/ASF/sam0/drivers/system/clock/clock_samd20/clock.o
 .debug_abbrev  0x00002a7c      0x327 src/ASF/sam0/drivers/system/clock/clock_samd20/gclk.o
 .debug_abbrev  0x00002da3      0x287 src/ASF/sam0/drivers/system/pinmux/pinmux.o
 .debug_abbrev  0x0000302a       0xb9 src/ASF/sam0/drivers/system/system.o
 .debug_abbrev  0x000030e3      0x1c1 src/ASF/sam0/utils/cmsis/samd20/source/gcc/startup_samd20.o
 .debug_abbrev  0x000032a4      0x12d src/ASF/thirdparty/freertos/freertos-8.0.1/Source/list.o
 .debug_abbrev  0x000033d1      0x1bf src/ASF/thirdparty/freertos/freertos-8.0.1/Source/portable/GCC/ARM_CM0/port.o
 .debug_abbrev  0x00003590      0x13b src/ASF/thirdparty/freertos/freertos-8.0.1/Source/portable/MemMang/heap_1.o
 .debug_abbrev  0x000036cb      0x296 src/ASF/thirdparty/freertos/freertos-8.0.1/Source/queue.o
 .debug_abbrev  0x00003961      0x342 src/ASF/thirdparty/freertos/freertos-8.0.1/Source/tasks.o
 .debug_abbrev  0x00003ca3      0x2c4 src/ASF/thirdparty/freertos/freertos-8.0.1/Source/timers.o
 .debug_abbrev  0x00003f67      0x47c src/demotasks.o
 .debug_abbrev  0x000043e3      0x27b src/main.o

.debug_loc      0x00000000     0xd172
 .debug_loc     0x00000000      0x979 src/NRF24L01_DRIVER.o
 .debug_loc     0x00000979      0x44c src/ASF/common2/components/display/ssd1306/ssd1306.o
 .debug_loc     0x00000dc5       0xe4 src/ASF/common2/services/delay/sam0/systick_counter.o
 .debug_loc     0x00000ea9      0x4eb src/ASF/common2/services/gfx_mono/gfx_mono_framebuffer.o
 .debug_loc     0x00001394      0xe42 src/ASF/common2/services/gfx_mono/gfx_mono_generic.o
 .debug_loc     0x000021d6      0x7e7 src/ASF/common2/services/gfx_mono/gfx_mono_text.o
 .debug_loc     0x000029bd      0x6cb src/ASF/common2/services/gfx_mono/gfx_mono_ug_2832hsweg04.o
 .debug_loc     0x00003088       0x1e src/ASF/common/utils/interrupt/interrupt_sam_nvic.o
 .debug_loc     0x000030a6       0x59 src/ASF/sam0/boards/samd20_xplained_pro/board_init.o
 .debug_loc     0x000030ff      0x16d src/ASF/sam0/drivers/port/port.o
 .debug_loc     0x0000326c      0x982 src/ASF/sam0/drivers/sercom/sercom.o
 .debug_loc     0x00003bee      0x16c src/ASF/sam0/drivers/sercom/sercom_interrupt.o
 .debug_loc     0x00003d5a     0x2d90 src/ASF/sam0/drivers/sercom/spi/spi.o
 .debug_loc     0x00006aea      0xc20 src/ASF/sam0/drivers/sercom/usart/usart.o
 .debug_loc     0x0000770a      0x563 src/ASF/sam0/drivers/sercom/usart/usart_interrupt.o
 .debug_loc     0x00007c6d      0xf66 src/ASF/sam0/drivers/system/clock/clock_samd20/clock.o
 .debug_loc     0x00008bd3      0x51e src/ASF/sam0/drivers/system/clock/clock_samd20/gclk.o
 .debug_loc     0x000090f1      0x32f src/ASF/sam0/drivers/system/pinmux/pinmux.o
 .debug_loc     0x00009420       0x20 src/ASF/sam0/drivers/system/system.o
 .debug_loc     0x00009440       0x20 src/ASF/sam0/utils/cmsis/samd20/source/gcc/startup_samd20.o
 .debug_loc     0x00009460       0x67 src/ASF/thirdparty/freertos/freertos-8.0.1/Source/list.o
 .debug_loc     0x000094c7      0x133 src/ASF/thirdparty/freertos/freertos-8.0.1/Source/portable/GCC/ARM_CM0/port.o
 .debug_loc     0x000095fa       0x7f src/ASF/thirdparty/freertos/freertos-8.0.1/Source/portable/MemMang/heap_1.o
 .debug_loc     0x00009679     0x1409 src/ASF/thirdparty/freertos/freertos-8.0.1/Source/queue.o
 .debug_loc     0x0000aa82      0xfbf src/ASF/thirdparty/freertos/freertos-8.0.1/Source/tasks.o
 .debug_loc     0x0000ba41      0xa07 src/ASF/thirdparty/freertos/freertos-8.0.1/Source/timers.o
 .debug_loc     0x0000c448      0xd0a src/demotasks.o
 .debug_loc     0x0000d152       0x20 src/main.o

.debug_aranges  0x00000000      0xa00
 .debug_aranges
                0x00000000       0xa8 src/NRF24L01_DRIVER.o
 .debug_aranges
                0x000000a8       0x30 src/ASF/common2/components/display/ssd1306/ssd1306.o
 .debug_aranges
                0x000000d8       0x30 src/ASF/common2/services/delay/sam0/systick_counter.o
 .debug_aranges
                0x00000108       0x58 src/ASF/common2/services/gfx_mono/gfx_mono_framebuffer.o
 .debug_aranges
                0x00000160       0x58 src/ASF/common2/services/gfx_mono/gfx_mono_generic.o
 .debug_aranges
                0x000001b8       0x40 src/ASF/common2/services/gfx_mono/gfx_mono_text.o
 .debug_aranges
                0x000001f8       0x60 src/ASF/common2/services/gfx_mono/gfx_mono_ug_2832hsweg04.o
 .debug_aranges
                0x00000258       0x18 src/ASF/common2/services/gfx_mono/sysfont.o
 .debug_aranges
                0x00000270       0x28 src/ASF/common/utils/interrupt/interrupt_sam_nvic.o
 .debug_aranges
                0x00000298       0x20 src/ASF/sam0/boards/samd20_xplained_pro/board_init.o
 .debug_aranges
                0x000002b8       0x28 src/ASF/sam0/drivers/port/port.o
 .debug_aranges
                0x000002e0       0x40 src/ASF/sam0/drivers/sercom/sercom.o
 .debug_aranges
                0x00000320       0x60 src/ASF/sam0/drivers/sercom/sercom_interrupt.o
 .debug_aranges
                0x00000380       0x58 src/ASF/sam0/drivers/sercom/spi/spi.o
 .debug_aranges
                0x000003d8       0x40 src/ASF/sam0/drivers/sercom/usart/usart.o
 .debug_aranges
                0x00000418       0x70 src/ASF/sam0/drivers/sercom/usart/usart_interrupt.o
 .debug_aranges
                0x00000488       0x70 src/ASF/sam0/drivers/system/clock/clock_samd20/clock.o
 .debug_aranges
                0x000004f8       0x80 src/ASF/sam0/drivers/system/clock/clock_samd20/gclk.o
 .debug_aranges
                0x00000578       0x38 src/ASF/sam0/drivers/system/pinmux/pinmux.o
 .debug_aranges
                0x000005b0       0x28 src/ASF/sam0/drivers/system/system.o
 .debug_aranges
                0x000005d8       0x28 src/ASF/sam0/utils/cmsis/samd20/source/gcc/startup_samd20.o
 .debug_aranges
                0x00000600       0x40 src/ASF/thirdparty/freertos/freertos-8.0.1/Source/list.o
 .debug_aranges
                0x00000640       0x88 src/ASF/thirdparty/freertos/freertos-8.0.1/Source/portable/GCC/ARM_CM0/port.o
 .debug_aranges
                0x000006c8       0x38 src/ASF/thirdparty/freertos/freertos-8.0.1/Source/portable/MemMang/heap_1.o
 .debug_aranges
                0x00000700       0xf0 src/ASF/thirdparty/freertos/freertos-8.0.1/Source/queue.o
 .debug_aranges
                0x000007f0      0x130 src/ASF/thirdparty/freertos/freertos-8.0.1/Source/tasks.o
 .debug_aranges
                0x00000920       0x68 src/ASF/thirdparty/freertos/freertos-8.0.1/Source/timers.o
 .debug_aranges
                0x00000988       0x58 src/demotasks.o
 .debug_aranges
                0x000009e0       0x20 src/main.o

.debug_ranges   0x00000000      0xe50
 .debug_ranges  0x00000000       0x98 src/NRF24L01_DRIVER.o
 .debug_ranges  0x00000098       0x50 src/ASF/common2/components/display/ssd1306/ssd1306.o
 .debug_ranges  0x000000e8       0x50 src/ASF/common2/services/delay/sam0/systick_counter.o
 .debug_ranges  0x00000138       0x48 src/ASF/common2/services/gfx_mono/gfx_mono_framebuffer.o
 .debug_ranges  0x00000180       0x48 src/ASF/common2/services/gfx_mono/gfx_mono_generic.o
 .debug_ranges  0x000001c8       0x30 src/ASF/common2/services/gfx_mono/gfx_mono_text.o
 .debug_ranges  0x000001f8       0x68 src/ASF/common2/services/gfx_mono/gfx_mono_ug_2832hsweg04.o
 .debug_ranges  0x00000260       0x18 src/ASF/common/utils/interrupt/interrupt_sam_nvic.o
 .debug_ranges  0x00000278       0x10 src/ASF/sam0/boards/samd20_xplained_pro/board_init.o
 .debug_ranges  0x00000288       0x18 src/ASF/sam0/drivers/port/port.o
 .debug_ranges  0x000002a0       0x48 src/ASF/sam0/drivers/sercom/sercom.o
 .debug_ranges  0x000002e8       0x50 src/ASF/sam0/drivers/sercom/sercom_interrupt.o
 .debug_ranges  0x00000338      0x410 src/ASF/sam0/drivers/sercom/spi/spi.o
 .debug_ranges  0x00000748       0xe0 src/ASF/sam0/drivers/sercom/usart/usart.o
 .debug_ranges  0x00000828       0x60 src/ASF/sam0/drivers/sercom/usart/usart_interrupt.o
 .debug_ranges  0x00000888       0x60 src/ASF/sam0/drivers/system/clock/clock_samd20/clock.o
 .debug_ranges  0x000008e8       0x70 src/ASF/sam0/drivers/system/clock/clock_samd20/gclk.o
 .debug_ranges  0x00000958       0x28 src/ASF/sam0/drivers/system/pinmux/pinmux.o
 .debug_ranges  0x00000980       0x18 src/ASF/sam0/drivers/system/system.o
 .debug_ranges  0x00000998       0x18 src/ASF/sam0/utils/cmsis/samd20/source/gcc/startup_samd20.o
 .debug_ranges  0x000009b0       0x30 src/ASF/thirdparty/freertos/freertos-8.0.1/Source/list.o
 .debug_ranges  0x000009e0       0x78 src/ASF/thirdparty/freertos/freertos-8.0.1/Source/portable/GCC/ARM_CM0/port.o
 .debug_ranges  0x00000a58       0x28 src/ASF/thirdparty/freertos/freertos-8.0.1/Source/portable/MemMang/heap_1.o
 .debug_ranges  0x00000a80       0xe0 src/ASF/thirdparty/freertos/freertos-8.0.1/Source/queue.o
 .debug_ranges  0x00000b60      0x168 src/ASF/thirdparty/freertos/freertos-8.0.1/Source/tasks.o
 .debug_ranges  0x00000cc8       0xa0 src/ASF/thirdparty/freertos/freertos-8.0.1/Source/timers.o
 .debug_ranges  0x00000d68       0xd8 src/demotasks.o
 .debug_ranges  0x00000e40       0x10 src/main.o

.debug_macro    0x00000000    0x182a0
 .debug_macro   0x00000000      0x6c7 src/NRF24L01_DRIVER.o
 .debug_macro   0x000006c7      0x868 src/NRF24L01_DRIVER.o
 .debug_macro   0x00000f2f      0x166 src/NRF24L01_DRIVER.o
 .debug_macro   0x00001095      0x636 src/NRF24L01_DRIVER.o
 .debug_macro   0x000016cb       0x22 src/NRF24L01_DRIVER.o
 .debug_macro   0x000016ed       0x44 src/NRF24L01_DRIVER.o
 .debug_macro   0x00001731       0x58 src/NRF24L01_DRIVER.o
 .debug_macro   0x00001789       0x22 src/NRF24L01_DRIVER.o
 .debug_macro   0x000017ab      0x1df src/NRF24L01_DRIVER.o
 .debug_macro   0x0000198a       0x10 src/NRF24L01_DRIVER.o
 .debug_macro   0x0000199a       0x76 src/NRF24L01_DRIVER.o
 .debug_macro   0x00001a10       0x16 src/NRF24L01_DRIVER.o
 .debug_macro   0x00001a26      0x6e5 src/NRF24L01_DRIVER.o
 .debug_macro   0x0000210b      0xde2 src/NRF24L01_DRIVER.o
 .debug_macro   0x00002eed       0x22 src/NRF24L01_DRIVER.o
 .debug_macro   0x00002f0f       0x40 src/NRF24L01_DRIVER.o
 .debug_macro   0x00002f4f       0x3a src/NRF24L01_DRIVER.o
 .debug_macro   0x00002f89       0x1f src/NRF24L01_DRIVER.o
 .debug_macro   0x00002fa8      0x250 src/NRF24L01_DRIVER.o
 .debug_macro   0x000031f8      0x682 src/NRF24L01_DRIVER.o
 .debug_macro   0x0000387a      0x8c1 src/NRF24L01_DRIVER.o
 .debug_macro   0x0000413b      0x229 src/NRF24L01_DRIVER.o
 .debug_macro   0x00004364      0x5bf src/NRF24L01_DRIVER.o
 .debug_macro   0x00004923      0x9fb src/NRF24L01_DRIVER.o
 .debug_macro   0x0000531e      0x5b8 src/NRF24L01_DRIVER.o
 .debug_macro   0x000058d6      0x4b6 src/NRF24L01_DRIVER.o
 .debug_macro   0x00005d8c      0x74c src/NRF24L01_DRIVER.o
 .debug_macro   0x000064d8       0x5e src/NRF24L01_DRIVER.o
 .debug_macro   0x00006536      0x5e2 src/NRF24L01_DRIVER.o
 .debug_macro   0x00006b18      0x3b8 src/NRF24L01_DRIVER.o
 .debug_macro   0x00006ed0      0xc55 src/NRF24L01_DRIVER.o
 .debug_macro   0x00007b25      0xd29 src/NRF24L01_DRIVER.o
 .debug_macro   0x0000884e      0x7b8 src/NRF24L01_DRIVER.o
 .debug_macro   0x00009006      0x6c2 src/NRF24L01_DRIVER.o
 .debug_macro   0x000096c8      0x351 src/NRF24L01_DRIVER.o
 .debug_macro   0x00009a19       0x7c src/NRF24L01_DRIVER.o
 .debug_macro   0x00009a95       0x9a src/NRF24L01_DRIVER.o
 .debug_macro   0x00009b2f       0x46 src/NRF24L01_DRIVER.o
 .debug_macro   0x00009b75       0xb2 src/NRF24L01_DRIVER.o
 .debug_macro   0x00009c27       0x6a src/NRF24L01_DRIVER.o
 .debug_macro   0x00009c91      0x287 src/NRF24L01_DRIVER.o
 .debug_macro   0x00009f18       0x82 src/NRF24L01_DRIVER.o
 .debug_macro   0x00009f9a       0xb8 src/NRF24L01_DRIVER.o
 .debug_macro   0x0000a052       0x1c src/NRF24L01_DRIVER.o
 .debug_macro   0x0000a06e       0x1c src/NRF24L01_DRIVER.o
 .debug_macro   0x0000a08a       0x1c src/NRF24L01_DRIVER.o
 .debug_macro   0x0000a0a6       0x82 src/NRF24L01_DRIVER.o
 .debug_macro   0x0000a128      0x164 src/NRF24L01_DRIVER.o
 .debug_macro   0x0000a28c       0xdc src/NRF24L01_DRIVER.o
 .debug_macro   0x0000a368      0x104 src/NRF24L01_DRIVER.o
 .debug_macro   0x0000a46c      0x104 src/NRF24L01_DRIVER.o
 .debug_macro   0x0000a570      0x104 src/NRF24L01_DRIVER.o
 .debug_macro   0x0000a674      0x104 src/NRF24L01_DRIVER.o
 .debug_macro   0x0000a778      0x104 src/NRF24L01_DRIVER.o
 .debug_macro   0x0000a87c      0x104 src/NRF24L01_DRIVER.o
 .debug_macro   0x0000a980       0xfa src/NRF24L01_DRIVER.o
 .debug_macro   0x0000aa7a       0xbe src/NRF24L01_DRIVER.o
 .debug_macro   0x0000ab38       0xbe src/NRF24L01_DRIVER.o
 .debug_macro   0x0000abf6       0xbe src/NRF24L01_DRIVER.o
 .debug_macro   0x0000acb4       0xbe src/NRF24L01_DRIVER.o
 .debug_macro   0x0000ad72       0xbe src/NRF24L01_DRIVER.o
 .debug_macro   0x0000ae30       0xbe src/NRF24L01_DRIVER.o
 .debug_macro   0x0000aeee       0xbe src/NRF24L01_DRIVER.o
 .debug_macro   0x0000afac       0xbe src/NRF24L01_DRIVER.o
 .debug_macro   0x0000b06a       0x40 src/NRF24L01_DRIVER.o
 .debug_macro   0x0000b0aa      0x2e3 src/NRF24L01_DRIVER.o
 .debug_macro   0x0000b38d     0x19c4 src/NRF24L01_DRIVER.o
 .debug_macro   0x0000cd51       0x4a src/NRF24L01_DRIVER.o
 .debug_macro   0x0000cd9b       0x58 src/NRF24L01_DRIVER.o
 .debug_macro   0x0000cdf3       0x35 src/NRF24L01_DRIVER.o
 .debug_macro   0x0000ce28       0x9c src/NRF24L01_DRIVER.o
 .debug_macro   0x0000cec4       0x16 src/NRF24L01_DRIVER.o
 .debug_macro   0x0000ceda       0x35 src/NRF24L01_DRIVER.o
 .debug_macro   0x0000cf0f      0x29d src/NRF24L01_DRIVER.o
 .debug_macro   0x0000d1ac       0x10 src/NRF24L01_DRIVER.o
 .debug_macro   0x0000d1bc       0x52 src/NRF24L01_DRIVER.o
 .debug_macro   0x0000d20e       0x16 src/NRF24L01_DRIVER.o
 .debug_macro   0x0000d224       0x43 src/NRF24L01_DRIVER.o
 .debug_macro   0x0000d267      0x180 src/NRF24L01_DRIVER.o
 .debug_macro   0x0000d3e7       0x10 src/NRF24L01_DRIVER.o
 .debug_macro   0x0000d3f7       0x22 src/NRF24L01_DRIVER.o
 .debug_macro   0x0000d419       0xbe src/NRF24L01_DRIVER.o
 .debug_macro   0x0000d4d7       0x16 src/NRF24L01_DRIVER.o
 .debug_macro   0x0000d4ed      0x197 src/NRF24L01_DRIVER.o
 .debug_macro   0x0000d684       0x16 src/NRF24L01_DRIVER.o
 .debug_macro   0x0000d69a       0x16 src/NRF24L01_DRIVER.o
 .debug_macro   0x0000d6b0       0x29 src/NRF24L01_DRIVER.o
 .debug_macro   0x0000d6d9       0x51 src/NRF24L01_DRIVER.o
 .debug_macro   0x0000d72a       0x3f src/NRF24L01_DRIVER.o
 .debug_macro   0x0000d769      0x3df src/NRF24L01_DRIVER.o
 .debug_macro   0x0000db48       0x16 src/NRF24L01_DRIVER.o
 .debug_macro   0x0000db5e       0x16 src/NRF24L01_DRIVER.o
 .debug_macro   0x0000db74       0x40 src/NRF24L01_DRIVER.o
 .debug_macro   0x0000dbb4      0x11e src/NRF24L01_DRIVER.o
 .debug_macro   0x0000dcd2       0xa9 src/NRF24L01_DRIVER.o
 .debug_macro   0x0000dd7b       0x12 src/NRF24L01_DRIVER.o
 .debug_macro   0x0000dd8d       0x1f src/NRF24L01_DRIVER.o
 .debug_macro   0x0000ddac      0x330 src/NRF24L01_DRIVER.o
 .debug_macro   0x0000e0dc       0x16 src/NRF24L01_DRIVER.o
 .debug_macro   0x0000e0f2       0x79 src/NRF24L01_DRIVER.o
 .debug_macro   0x0000e16b       0x43 src/NRF24L01_DRIVER.o
 .debug_macro   0x0000e1ae       0x6f src/NRF24L01_DRIVER.o
 .debug_macro   0x0000e21d       0x91 src/NRF24L01_DRIVER.o
 .debug_macro   0x0000e2ae       0x19 src/NRF24L01_DRIVER.o
 .debug_macro   0x0000e2c7       0xb0 src/NRF24L01_DRIVER.o
 .debug_macro   0x0000e377       0x7e src/NRF24L01_DRIVER.o
 .debug_macro   0x0000e3f5       0x28 src/NRF24L01_DRIVER.o
 .debug_macro   0x0000e41d       0x11 src/NRF24L01_DRIVER.o
 .debug_macro   0x0000e42e       0x12 src/NRF24L01_DRIVER.o
 .debug_macro   0x0000e440       0x2e src/NRF24L01_DRIVER.o
 .debug_macro   0x0000e46e       0xb2 src/NRF24L01_DRIVER.o
 .debug_macro   0x0000e520       0x10 src/NRF24L01_DRIVER.o
 .debug_macro   0x0000e530       0x16 src/NRF24L01_DRIVER.o
 .debug_macro   0x0000e546       0x1c src/NRF24L01_DRIVER.o
 .debug_macro   0x0000e562       0x19 src/NRF24L01_DRIVER.o
 .debug_macro   0x0000e57b      0x28e src/NRF24L01_DRIVER.o
 .debug_macro   0x0000e809      0x80c src/NRF24L01_DRIVER.o
 .debug_macro   0x0000f015       0x10 src/NRF24L01_DRIVER.o
 .debug_macro   0x0000f025       0x52 src/NRF24L01_DRIVER.o
 .debug_macro   0x0000f077       0xd3 src/NRF24L01_DRIVER.o
 .debug_macro   0x0000f14a       0x85 src/NRF24L01_DRIVER.o
 .debug_macro   0x0000f1cf       0x7b src/NRF24L01_DRIVER.o
 .debug_macro   0x0000f24a       0x3a src/NRF24L01_DRIVER.o
 .debug_macro   0x0000f284       0x11 src/NRF24L01_DRIVER.o
 .debug_macro   0x0000f295       0x22 src/NRF24L01_DRIVER.o
 .debug_macro   0x0000f2b7       0xdc src/NRF24L01_DRIVER.o
 .debug_macro   0x0000f393      0x542 src/ASF/common2/components/display/ssd1306/ssd1306.o
 .debug_macro   0x0000f8d5       0x1c src/ASF/common2/components/display/ssd1306/ssd1306.o
 .debug_macro   0x0000f8f1      0x464 src/ASF/common2/services/delay/sam0/systick_counter.o
 .debug_macro   0x0000fd55      0x57c src/ASF/common2/services/gfx_mono/gfx_mono_framebuffer.o
 .debug_macro   0x000102d1       0x16 src/ASF/common2/services/gfx_mono/gfx_mono_framebuffer.o
 .debug_macro   0x000102e7       0x22 src/ASF/common2/services/gfx_mono/gfx_mono_framebuffer.o
 .debug_macro   0x00010309      0x57c src/ASF/common2/services/gfx_mono/gfx_mono_generic.o
 .debug_macro   0x00010885      0x6c8 src/ASF/common2/services/gfx_mono/gfx_mono_text.o
 .debug_macro   0x00010f4d       0x16 src/ASF/common2/services/gfx_mono/gfx_mono_text.o
 .debug_macro   0x00010f63       0x4a src/ASF/common2/services/gfx_mono/gfx_mono_text.o
 .debug_macro   0x00010fad       0x1c src/ASF/common2/services/gfx_mono/gfx_mono_text.o
 .debug_macro   0x00010fc9      0x57c src/ASF/common2/services/gfx_mono/gfx_mono_ug_2832hsweg04.o
 .debug_macro   0x00011545      0x59c src/ASF/common2/services/gfx_mono/sysfont.o
 .debug_macro   0x00011ae1      0x428 src/ASF/common/utils/interrupt/interrupt_sam_nvic.o
 .debug_macro   0x00011f09      0x464 src/ASF/sam0/boards/samd20_xplained_pro/board_init.o
 .debug_macro   0x0001236d      0x442 src/ASF/sam0/drivers/port/port.o
 .debug_macro   0x000127af      0x4b7 src/ASF/sam0/drivers/sercom/sercom.o
 .debug_macro   0x00012c66      0x4b4 src/ASF/sam0/drivers/sercom/sercom_interrupt.o
 .debug_macro   0x0001311a      0x4e2 src/ASF/sam0/drivers/sercom/spi/spi.o
 .debug_macro   0x000135fc      0x4c8 src/ASF/sam0/drivers/sercom/usart/usart.o
 .debug_macro   0x00013ac4       0x19 src/ASF/sam0/drivers/sercom/usart/usart.o
 .debug_macro   0x00013add      0x4c8 src/ASF/sam0/drivers/sercom/usart/usart_interrupt.o
 .debug_macro   0x00013fa5      0x54c src/ASF/sam0/drivers/system/clock/clock_samd20/clock.o
 .debug_macro   0x000144f1      0x219 src/ASF/sam0/drivers/system/clock/clock_samd20/clock.o
 .debug_macro   0x0001470a      0x45f src/ASF/sam0/drivers/system/clock/clock_samd20/gclk.o
 .debug_macro   0x00014b69      0x43a src/ASF/sam0/drivers/system/pinmux/pinmux.o
 .debug_macro   0x00014fa3      0x46d src/ASF/sam0/drivers/system/system.o
 .debug_macro   0x00015410      0x27c src/ASF/sam0/utils/cmsis/samd20/source/gcc/startup_samd20.o
 .debug_macro   0x0001568c       0x3a src/ASF/sam0/utils/cmsis/samd20/source/gcc/startup_samd20.o
 .debug_macro   0x000156c6      0x47d src/ASF/thirdparty/freertos/freertos-8.0.1/Source/list.o
 .debug_macro   0x00015b43      0x4ec src/ASF/thirdparty/freertos/freertos-8.0.1/Source/portable/GCC/ARM_CM0/port.o
 .debug_macro   0x0001602f      0x49e src/ASF/thirdparty/freertos/freertos-8.0.1/Source/portable/MemMang/heap_1.o
 .debug_macro   0x000164cd      0x4ef src/ASF/thirdparty/freertos/freertos-8.0.1/Source/queue.o
 .debug_macro   0x000169bc      0x532 src/ASF/thirdparty/freertos/freertos-8.0.1/Source/tasks.o
 .debug_macro   0x00016eee      0x4ba src/ASF/thirdparty/freertos/freertos-8.0.1/Source/timers.o
 .debug_macro   0x000173a8      0x74a src/demotasks.o
 .debug_macro   0x00017af2       0xe2 src/demotasks.o
 .debug_macro   0x00017bd4      0x6cc src/main.o

.debug_line     0x00000000    0x15331
 .debug_line    0x00000000     0x10fb src/NRF24L01_DRIVER.o
 .debug_line    0x000010fb      0xc7f src/ASF/common2/components/display/ssd1306/ssd1306.o
 .debug_line    0x00001d7a      0x8cc src/ASF/common2/services/delay/sam0/systick_counter.o
 .debug_line    0x00002646      0xccb src/ASF/common2/services/gfx_mono/gfx_mono_framebuffer.o
 .debug_line    0x00003311      0xd7e src/ASF/common2/services/gfx_mono/gfx_mono_generic.o
 .debug_line    0x0000408f      0xef0 src/ASF/common2/services/gfx_mono/gfx_mono_text.o
 .debug_line    0x00004f7f      0xd5b src/ASF/common2/services/gfx_mono/gfx_mono_ug_2832hsweg04.o
 .debug_line    0x00005cda      0xc2d src/ASF/common2/services/gfx_mono/sysfont.o
 .debug_line    0x00006907      0x7df src/ASF/common/utils/interrupt/interrupt_sam_nvic.o
 .debug_line    0x000070e6      0x888 src/ASF/sam0/boards/samd20_xplained_pro/board_init.o
 .debug_line    0x0000796e      0x80b src/ASF/sam0/drivers/port/port.o
 .debug_line    0x00008179      0xad1 src/ASF/sam0/drivers/sercom/sercom.o
 .debug_line    0x00008c4a      0xa79 src/ASF/sam0/drivers/sercom/sercom_interrupt.o
 .debug_line    0x000096c3     0x124a src/ASF/sam0/drivers/sercom/spi/spi.o
 .debug_line    0x0000a90d      0xbdd src/ASF/sam0/drivers/sercom/usart/usart.o
 .debug_line    0x0000b4ea      0xb81 src/ASF/sam0/drivers/sercom/usart/usart_interrupt.o
 .debug_line    0x0000c06b      0xb7c src/ASF/sam0/drivers/system/clock/clock_samd20/clock.o
 .debug_line    0x0000cbe7      0xb75 src/ASF/sam0/drivers/system/clock/clock_samd20/gclk.o
 .debug_line    0x0000d75c      0x831 src/ASF/sam0/drivers/system/pinmux/pinmux.o
 .debug_line    0x0000df8d      0x8f3 src/ASF/sam0/drivers/system/system.o
 .debug_line    0x0000e880      0x5d4 src/ASF/sam0/utils/cmsis/samd20/source/gcc/startup_samd20.o
 .debug_line    0x0000ee54      0x956 src/ASF/thirdparty/freertos/freertos-8.0.1/Source/list.o
 .debug_line    0x0000f7aa      0x9d6 src/ASF/thirdparty/freertos/freertos-8.0.1/Source/portable/GCC/ARM_CM0/port.o
 .debug_line    0x00010180      0x957 src/ASF/thirdparty/freertos/freertos-8.0.1/Source/portable/MemMang/heap_1.o
 .debug_line    0x00010ad7      0xe27 src/ASF/thirdparty/freertos/freertos-8.0.1/Source/queue.o
 .debug_line    0x000118fe      0xf9e src/ASF/thirdparty/freertos/freertos-8.0.1/Source/tasks.o
 .debug_line    0x0001289c      0xa81 src/ASF/thirdparty/freertos/freertos-8.0.1/Source/timers.o
 .debug_line    0x0001331d     0x1168 src/demotasks.o
 .debug_line    0x00014485      0xeac src/main.o

.debug_str      0x00000000    0x69780
 .debug_str     0x00000000    0x62005 src/NRF24L01_DRIVER.o
                              0x625ef (size before relaxing)
 .debug_str     0x00062005      0x11f src/ASF/common2/components/display/ssd1306/ssd1306.o
                              0x5ba55 (size before relaxing)
 .debug_str     0x00062124       0x80 src/ASF/common2/services/delay/sam0/systick_counter.o
                              0x56bec (size before relaxing)
 .debug_str     0x000621a4      0x1be src/ASF/common2/services/gfx_mono/gfx_mono_framebuffer.o
                              0x5b67d (size before relaxing)
 .debug_str     0x00062362      0x227 src/ASF/common2/services/gfx_mono/gfx_mono_generic.o
                              0x5b52d (size before relaxing)
 .debug_str     0x00062589      0x265 src/ASF/common2/services/gfx_mono/gfx_mono_text.o
                              0x6107a (size before relaxing)
 .debug_str     0x000627ee      0x191 src/ASF/common2/services/gfx_mono/gfx_mono_ug_2832hsweg04.o
                              0x5b6ca (size before relaxing)
 .debug_str     0x0006297f       0x46 src/ASF/common2/services/gfx_mono/sysfont.o
                              0x5c630 (size before relaxing)
 .debug_str     0x000629c5       0x9b src/ASF/common/utils/interrupt/interrupt_sam_nvic.o
                              0x56a68 (size before relaxing)
 .debug_str     0x00062a60       0x56 src/ASF/sam0/boards/samd20_xplained_pro/board_init.o
                              0x59b07 (size before relaxing)
 .debug_str     0x00062ab6       0x75 src/ASF/sam0/drivers/port/port.o
                              0x56e32 (size before relaxing)
 .debug_str     0x00062b2b      0x3fd src/ASF/sam0/drivers/sercom/sercom.o
                              0x57f31 (size before relaxing)
 .debug_str     0x00062f28      0x50a src/ASF/sam0/drivers/sercom/sercom_interrupt.o
                              0x57d7a (size before relaxing)
 .debug_str     0x00063432      0x837 src/ASF/sam0/drivers/sercom/spi/spi.o
                              0x58b4e (size before relaxing)
 .debug_str     0x00063c69      0x411 src/ASF/sam0/drivers/sercom/usart/usart.o
                              0x58844 (size before relaxing)
 .debug_str     0x0006407a      0x1e8 src/ASF/sam0/drivers/sercom/usart/usart_interrupt.o
                              0x57dcf (size before relaxing)
 .debug_str     0x00064262     0x2736 src/ASF/sam0/drivers/system/clock/clock_samd20/clock.o
                              0x59cdb (size before relaxing)
 .debug_str     0x00066998      0x27e src/ASF/sam0/drivers/system/clock/clock_samd20/gclk.o
                              0x57652 (size before relaxing)
 .debug_str     0x00066c16      0x130 src/ASF/sam0/drivers/system/pinmux/pinmux.o
                              0x56e5f (size before relaxing)
 .debug_str     0x00066d46       0x47 src/ASF/sam0/drivers/system/system.o
                              0x56ad2 (size before relaxing)
 .debug_str     0x00066d8d      0x36a src/ASF/sam0/utils/cmsis/samd20/source/gcc/startup_samd20.o
                              0x42a91 (size before relaxing)
 .debug_str     0x000670f7      0x15e src/ASF/thirdparty/freertos/freertos-8.0.1/Source/list.o
                              0x58ecc (size before relaxing)
 .debug_str     0x00067255      0x3fc src/ASF/thirdparty/freertos/freertos-8.0.1/Source/portable/GCC/ARM_CM0/port.o
                              0x595fa (size before relaxing)
 .debug_str     0x00067651      0x15b src/ASF/thirdparty/freertos/freertos-8.0.1/Source/portable/MemMang/heap_1.o
                              0x5926e (size before relaxing)
 .debug_str     0x000677ac      0x6f9 src/ASF/thirdparty/freertos/freertos-8.0.1/Source/queue.o
                              0x5a3d4 (size before relaxing)
 .debug_str     0x00067ea5      0xc90 src/ASF/thirdparty/freertos/freertos-8.0.1/Source/tasks.o
                              0x5a788 (size before relaxing)
 .debug_str     0x00068b35      0x3b8 src/ASF/thirdparty/freertos/freertos-8.0.1/Source/timers.o
                              0x5a83f (size before relaxing)
 .debug_str     0x00068eed      0x875 src/demotasks.o
                              0x63126 (size before relaxing)
 .debug_str     0x00069762       0x1e src/main.o
                              0x61b8c (size before relaxing)

.debug_frame    0x00000000     0x1b34
 .debug_frame   0x00000000      0x238 src/NRF24L01_DRIVER.o
 .debug_frame   0x00000238       0x6c src/ASF/common2/components/display/ssd1306/ssd1306.o
 .debug_frame   0x000002a4       0x60 src/ASF/common2/services/delay/sam0/systick_counter.o
 .debug_frame   0x00000304       0xd0 src/ASF/common2/services/gfx_mono/gfx_mono_framebuffer.o
 .debug_frame   0x000003d4      0x154 src/ASF/common2/services/gfx_mono/gfx_mono_generic.o
 .debug_frame   0x00000528       0xd0 src/ASF/common2/services/gfx_mono/gfx_mono_text.o
 .debug_frame   0x000005f8      0x124 src/ASF/common2/services/gfx_mono/gfx_mono_ug_2832hsweg04.o
 .debug_frame   0x0000071c       0x30 src/ASF/common/utils/interrupt/interrupt_sam_nvic.o
 .debug_frame   0x0000074c       0x30 src/ASF/sam0/boards/samd20_xplained_pro/board_init.o
 .debug_frame   0x0000077c       0x44 src/ASF/sam0/drivers/port/port.o
 .debug_frame   0x000007c0       0x9c src/ASF/sam0/drivers/sercom/sercom.o
 .debug_frame   0x0000085c       0xec src/ASF/sam0/drivers/sercom/sercom_interrupt.o
 .debug_frame   0x00000948      0x120 src/ASF/sam0/drivers/sercom/spi/spi.o
 .debug_frame   0x00000a68       0xbc src/ASF/sam0/drivers/sercom/usart/usart.o
 .debug_frame   0x00000b24      0x110 src/ASF/sam0/drivers/sercom/usart/usart_interrupt.o
 .debug_frame   0x00000c34      0x13c src/ASF/sam0/drivers/system/clock/clock_samd20/clock.o
 .debug_frame   0x00000d70      0x148 src/ASF/sam0/drivers/system/clock/clock_samd20/gclk.o
 .debug_frame   0x00000eb8       0x74 src/ASF/sam0/drivers/system/pinmux/pinmux.o
 .debug_frame   0x00000f2c       0x38 src/ASF/sam0/drivers/system/system.o
 .debug_frame   0x00000f64       0x38 src/ASF/sam0/utils/cmsis/samd20/source/gcc/startup_samd20.o
 .debug_frame   0x00000f9c       0x6c src/ASF/thirdparty/freertos/freertos-8.0.1/Source/list.o
 .debug_frame   0x00001008      0x110 src/ASF/thirdparty/freertos/freertos-8.0.1/Source/portable/GCC/ARM_CM0/port.o
 .debug_frame   0x00001118       0x5c src/ASF/thirdparty/freertos/freertos-8.0.1/Source/portable/MemMang/heap_1.o
 .debug_frame   0x00001174      0x2ec src/ASF/thirdparty/freertos/freertos-8.0.1/Source/queue.o
 .debug_frame   0x00001460      0x380 src/ASF/thirdparty/freertos/freertos-8.0.1/Source/tasks.o
 .debug_frame   0x000017e0      0x130 src/ASF/thirdparty/freertos/freertos-8.0.1/Source/timers.o
 .debug_frame   0x00001910      0x150 src/demotasks.o
 .debug_frame   0x00001a60       0x2c src/main.o
 .debug_frame   0x00001a8c       0x20 c:/program files (x86)/atmel/studio/7.0/toolchain/arm/arm-gnu-toolchain/bin/../lib/gcc/arm-none-eabi/4.9.3/armv6-m\libgcc.a(_udivsi3.o)
 .debug_frame   0x00001aac       0x34 c:/program files (x86)/atmel/studio/7.0/toolchain/arm/arm-gnu-toolchain/bin/../lib/gcc/arm-none-eabi/4.9.3/armv6-m\libgcc.a(_muldi3.o)
 .debug_frame   0x00001ae0       0x2c c:/program files (x86)/atmel/studio/7.0/toolchain/arm/arm-gnu-toolchain/bin/../lib/gcc/arm-none-eabi/4.9.3/../../../../arm-none-eabi/lib/armv6-m\libc_nano.a(lib_a-init.o)
 .debug_frame   0x00001b0c       0x28 c:/program files (x86)/atmel/studio/7.0/toolchain/arm/arm-gnu-toolchain/bin/../lib/gcc/arm-none-eabi/4.9.3/../../../../arm-none-eabi/lib/armv6-m\libc_nano.a(lib_a-memcpy.o)

Cross Reference Table

Symbol                                            File
AC_Handler                                        src/ASF/sam0/utils/cmsis/samd20/source/gcc/startup_samd20.o
ADC_Handler                                       src/ASF/sam0/utils/cmsis/samd20/source/gcc/startup_samd20.o
Clear_NRF_Int_Flags                               src/NRF24L01_DRIVER.o
                                                  src/demotasks.o
DAC_Handler                                       src/ASF/sam0/utils/cmsis/samd20/source/gcc/startup_samd20.o
DSPI_DRV_MasterTransferBlocking                   src/NRF24L01_DRIVER.o
Dummy_Handler                                     src/ASF/sam0/utils/cmsis/samd20/source/gcc/startup_samd20.o
EIC_Handler                                       src/ASF/sam0/utils/cmsis/samd20/source/gcc/startup_samd20.o
EVSYS_Handler                                     src/ASF/sam0/utils/cmsis/samd20/source/gcc/startup_samd20.o
Flush_Rx                                          src/NRF24L01_DRIVER.o
Flush_Tx                                          src/NRF24L01_DRIVER.o
HardFault_Handler                                 src/ASF/sam0/utils/cmsis/samd20/source/gcc/startup_samd20.o
Init_NRF24L                                       src/NRF24L01_DRIVER.o
Init_NRF24L_Reciever                              src/NRF24L01_DRIVER.o
                                                  src/main.o
Init_NRF24L_Transmitter                           src/NRF24L01_DRIVER.o
NMI_Handler                                       src/ASF/sam0/utils/cmsis/samd20/source/gcc/startup_samd20.o
NVMCTRL_Handler                                   src/ASF/sam0/utils/cmsis/samd20/source/gcc/startup_samd20.o
PM_Handler                                        src/ASF/sam0/utils/cmsis/samd20/source/gcc/startup_samd20.o
PTC_Handler                                       src/ASF/sam0/utils/cmsis/samd20/source/gcc/startup_samd20.o
PendSV_Handler                                    src/ASF/thirdparty/freertos/freertos-8.0.1/Source/portable/GCC/ARM_CM0/port.o
                                                  src/ASF/sam0/utils/cmsis/samd20/source/gcc/startup_samd20.o
RTC_Handler                                       src/ASF/sam0/utils/cmsis/samd20/source/gcc/startup_samd20.o
ReadPayload                                       src/NRF24L01_DRIVER.o
                                                  src/demotasks.o
Read_Register                                     src/NRF24L01_DRIVER.o
Read_Status                                       src/NRF24L01_DRIVER.o
                                                  src/demotasks.o
Reset_Handler                                     src/ASF/sam0/utils/cmsis/samd20/source/gcc/startup_samd20.o
SERCOM0_Handler                                   src/ASF/sam0/drivers/sercom/sercom_interrupt.o
SERCOM1_Handler                                   src/ASF/sam0/drivers/sercom/sercom_interrupt.o
SERCOM2_Handler                                   src/ASF/sam0/drivers/sercom/sercom_interrupt.o
SERCOM3_Handler                                   src/ASF/sam0/drivers/sercom/sercom_interrupt.o
SERCOM4_Handler                                   src/ASF/sam0/drivers/sercom/sercom_interrupt.o
SERCOM5_Handler                                   src/ASF/sam0/drivers/sercom/sercom_interrupt.o
SVC_Handler                                       src/ASF/thirdparty/freertos/freertos-8.0.1/Source/portable/GCC/ARM_CM0/port.o
                                                  src/ASF/sam0/utils/cmsis/samd20/source/gcc/startup_samd20.o
SYSCTRL_Handler                                   src/ASF/sam0/utils/cmsis/samd20/source/gcc/startup_samd20.o
SendNewPayload                                    src/NRF24L01_DRIVER.o
                                                  src/demotasks.o
Send_Last_Payload                                 src/NRF24L01_DRIVER.o
Set_NRF24L_Rx_Mode                                src/NRF24L01_DRIVER.o
                                                  src/demotasks.o
Set_NRF24L_Tx_Mode                                src/NRF24L01_DRIVER.o
                                                  src/main.o
                                                  src/demotasks.o
SysTick_Handler                                   src/ASF/thirdparty/freertos/freertos-8.0.1/Source/portable/GCC/ARM_CM0/port.o
                                                  src/ASF/sam0/utils/cmsis/samd20/source/gcc/startup_samd20.o
SystemCoreClock                                   src/ASF/sam0/utils/cmsis/samd20/source/system_samd20.o
SystemCoreClockUpdate                             src/ASF/sam0/utils/cmsis/samd20/source/system_samd20.o
SystemInit                                        src/ASF/sam0/utils/cmsis/samd20/source/system_samd20.o
TC0_Handler                                       src/ASF/sam0/utils/cmsis/samd20/source/gcc/startup_samd20.o
TC1_Handler                                       src/ASF/sam0/utils/cmsis/samd20/source/gcc/startup_samd20.o
TC2_Handler                                       src/ASF/sam0/utils/cmsis/samd20/source/gcc/startup_samd20.o
TC3_Handler                                       src/ASF/sam0/utils/cmsis/samd20/source/gcc/startup_samd20.o
TC4_Handler                                       src/ASF/sam0/utils/cmsis/samd20/source/gcc/startup_samd20.o
TC5_Handler                                       src/ASF/sam0/utils/cmsis/samd20/source/gcc/startup_samd20.o
TC6_Handler                                       src/ASF/sam0/utils/cmsis/samd20/source/gcc/startup_samd20.o
TC7_Handler                                       src/ASF/sam0/utils/cmsis/samd20/source/gcc/startup_samd20.o
WDT_Handler                                       src/ASF/sam0/utils/cmsis/samd20/source/gcc/startup_samd20.o
WatchForPayload                                   src/NRF24L01_DRIVER.o
Write_Reg_Varified                                src/NRF24L01_DRIVER.o
Write_Register                                    src/NRF24L01_DRIVER.o
_Jv_RegisterClasses                               c:/program files (x86)/atmel/studio/7.0/toolchain/arm/arm-gnu-toolchain/bin/../lib/gcc/arm-none-eabi/4.9.3/armv6-m/crtbegin.o
__aeabi_idiv                                      c:/program files (x86)/atmel/studio/7.0/toolchain/arm/arm-gnu-toolchain/bin/../lib/gcc/arm-none-eabi/4.9.3/armv6-m\libgcc.a(_divsi3.o)
                                                  c:/program files (x86)/atmel/studio/7.0/toolchain/arm/arm-gnu-toolchain/bin/../lib/gcc/arm-none-eabi/4.9.3/../../../../arm-none-eabi/lib/armv6-m\libc_nano.a(lib_a-fvwrite.o)
__aeabi_idiv0                                     c:/program files (x86)/atmel/studio/7.0/toolchain/arm/arm-gnu-toolchain/bin/../lib/gcc/arm-none-eabi/4.9.3/armv6-m\libgcc.a(_dvmd_tls.o)
                                                  c:/program files (x86)/atmel/studio/7.0/toolchain/arm/arm-gnu-toolchain/bin/../lib/gcc/arm-none-eabi/4.9.3/armv6-m\libgcc.a(_divsi3.o)
                                                  c:/program files (x86)/atmel/studio/7.0/toolchain/arm/arm-gnu-toolchain/bin/../lib/gcc/arm-none-eabi/4.9.3/armv6-m\libgcc.a(_udivsi3.o)
__aeabi_idivmod                                   c:/program files (x86)/atmel/studio/7.0/toolchain/arm/arm-gnu-toolchain/bin/../lib/gcc/arm-none-eabi/4.9.3/armv6-m\libgcc.a(_divsi3.o)
__aeabi_ldiv0                                     c:/program files (x86)/atmel/studio/7.0/toolchain/arm/arm-gnu-toolchain/bin/../lib/gcc/arm-none-eabi/4.9.3/armv6-m\libgcc.a(_dvmd_tls.o)
__aeabi_lmul                                      c:/program files (x86)/atmel/studio/7.0/toolchain/arm/arm-gnu-toolchain/bin/../lib/gcc/arm-none-eabi/4.9.3/armv6-m\libgcc.a(_muldi3.o)
                                                  src/ASF/sam0/drivers/sercom/sercom.o